08-27 11:15:06.077  9513  9596 E zhangqi8888: execute(5)
08-27 11:15:06.080   309   355 D AAL     : 08-27 11:15:06.012 BL= 725,ESS= 256, 08-27 11:15:06.029 BL= 724,ESS= 256, 08-27 11:15:06.046 BL= 723,ESS= 256, 08-27 11:15:06.062 BL= 722,ESS= 256, 08-27 11:15:06.080 BL= 720,ESS= 256, 
08-27 11:15:06.084   590   983 I WifiService: getConfiguredNetworks uid=1000
08-27 11:15:06.089  9513  9596 E zhangqi8888: execute(6){"FAQID":"FAQ07270","Title":"[Camera Drv]72Video","UniqueId":"97bcc11d-e680-49cf-ad78-dbe4310b6c5e","ParentId":"00000000-0000-0000-0000-000000000000","List":"SW","Type":10,"Created":"2013-05-23T10:46:02","Modified":"2013-08-14T09:42:25","TotalCount":0,"Category":"SW > ALPS > Camera Driver-related","Level":0,"Seq":0,"Content":"<div class=\"ExternalClassAA853604BB534093B842D93C57BA6C71\">\n<div><span><span><span><span><span lang=\"EN-US\">\n<div class=\"ExternalClass7E65E52FEEC64654AF72057FCEF95F1A\">\n<div><font size=\"4\">[DESCRIPTION]</font></div>\n<div><font size=\"2\">7275/77driverVideo</font></div>\n<div>&#160;</div>\n<div><font size=\"4\">[SOLUTION]</font></div>\n<div><font size=\"2\">&#160;&#160;1driverSensor.cGetResolutionVideobuffer</font></div>\n<div><font size=\"2\">&#160;&#160;pSensorResolution-&gt;SensorVideoWidth=_IMAGE_SENSOR_VIDEO_WIDTH;<br>&#160;&#160;pSensorResolution-&gt;SensorVideoHeight=_IMAGE_SENSOR_VIDEO_HEIGHT;</font></div>\n<div><font size=\"2\">&#160; 2Feature Tableconfig.ftbl.****.hVidesizebuffer</font></div>\n<div><font size=\"2\">&#160;&#160;#if 1<br>&#160;&#160;&#160; //&#160; Video Size<br>&#160;&#160;&#160; FTABLE_CONFIG_AS_TYPE_OF_DEFAULT_VALUES(<br>&#160;&#160;&#160;&#160;&#160;&#160;&#160; KEY_AS_(MtkCameraParameters&#58;&#58;KEY_VIDEO_SIZE), <br>&#160;&#160;&#160;&#160;&#160;&#160;&#160; SCENE_AS_DEFAULT_SCENE(<br>&#160;&#160;&#160;&#160;&#160;&#160;&#160;&#160;&#160;&#160;&#160; ITEM_AS_DEFAULT_(&quot;640x480&quot;), <br>&#160;&#160;&#160;&#160;&#160;&#160;&#160;&#160;&#160;&#160;&#160; ITEM_AS_VALUES_(<br>&#160;&#160;&#160;&#160;&#160;&#160;&#160;&#160;&#160;&#160;&#160;&#160;&#160;&#160;&#160; &quot;176x144&quot;,&#160;&#160;&#160;&#160;&#160; &quot;480x320&quot;,&#160;&#160;&#160;&#160;&#160; &quot;640x480&quot;, <br>&#160;&#160;&#160;&#160;&#160;&#160;&#160;&#160;&#160;&#160;&#160;&#160;&#160;&#160;&#160; &quot;864x480&quot;,&#160;&#160;&#160;&#160;&#160; &quot;1280x720&quot;,&#160;&#160;&#160;&#160; &quot;1920x1080&quot;, <br>&#160;&#160;&#160;&#160;&#160;&#160;&#160;&#160;&#160;&#160;&#160; )<br>&#160;&#160;&#160;&#160;&#160;&#160;&#160; ), <br>&#160;&#160;&#160; )<br>#endif</div></div></span></span></span></span></span></div></div></font>","Clicks":0,"Platforms":[{"Id":113,"Name":"MT6589"},{"Id":133,"Name":"MT6572"},{"Id":144,"Name":"MT6582"}],"Branches":[{"Id":135,"Name":"JB2"},{"Id":146,"Name":"JB3"}],"Children":[],"FAQsUnderThis":[],"Id":null,"ObjectType":"FAQExtTreeModel"}
08-27 11:15:06.091  9513  9596 E zhangqi8888: execute(7) stringBuffer:{"FAQID":"FAQ07270","Title":"[Camera Drv]72Video","UniqueId":"97bcc11d-e680-49cf-ad78-dbe4310b6c5e","ParentId":"00000000-0000-0000-0000-000000000000","List":"SW","Type":10,"Created":"2013-05-23T10:46:02","Modified":"2013-08-14T09:42:25","TotalCount":0,"Category":"SW > ALPS > Camera Driver-related","Level":0,"Seq":0,"Content":"<div class=\"ExternalClassAA853604BB534093B842D93C57BA6C71\">\n<div><span><span><span><span><span lang=\"EN-US\">\n<div class=\"ExternalClass7E65E52FEEC64654AF72057FCEF95F1A\">\n<div><font size=\"4\">[DESCRIPTION]</font></div>\n<div><font size=\"2\">7275/77driverVideo</font></div>\n<div>&#160;</div>\n<div><font size=\"4\">[SOLUTION]</font></div>\n<div><font size=\"2\">&#160;&#160;1driverSensor.cGetResolutionVideobuffer</font></div>\n<div><font size=\"2\">&#160;&#160;pSensorResolution-&gt;SensorVideoWidth=_IMAGE_SENSOR_VIDEO_WIDTH;<br>&#160;&#160;pSensorResolution-&gt;SensorVideoHeight=_IMAGE_SENSOR_VIDEO_HEIGHT;</font></div>\n<div><font size=\"2\">&#160; 2Feature Tableconfig.ftbl.****.hVidesizebuffer</font></div>\n<div><font size=\"2\">&#160;&#160;#if 1<br>&#160;&#160;&#160; //&#160; Video Size<br>&#160;&#160;&#160; FTABLE_CONFIG_AS_TYPE_OF_DEFAULT_VALUES(<br>&#160;&#160;&#160;&#160;&#160;&#160;&#160; KEY_AS_(MtkCameraParameters&#58;&#58;KEY_VIDEO_SIZE), <br>&#160;&#160;&#160;&#160;&#160;&#160;&#160; SCENE_AS_DEFAULT_SCENE(<br>&#160;&#160;&#160;&#160;&#160;&#160;&#160;&#160;&#160;&#160;&#160; ITEM_AS_DEFAULT_(&quot;640x480&quot;), <br>&#160;&#160;&#160;&#160;&#160;&#160;&#160;&#160;&#160;&#160;&#160; ITEM_AS_VALUES_(<br>&#160;&#160;&#160;&#160;&#160;&#160;&#160;&#160;&#160;&#160;&#160;&#160;&#160;&#160;&#160; &quot;176x144&quot;,&#160;&#160;&#160;&#160;&#160; &quot;480x320&quot;,&#160;&#160;&#160;&#160;&#160; &quot;640x480&quot;, <br>&#160;&#160;&#160;&#160;&#160;&#160;&#160;&#160;&#160;&#160;&#160;&#160;&#160;&#160;&#160; &quot;864x480&quot;,&#160;&#160;&#160;&#160;&#160; &quot;1280x720&quot;,&#160;&#160;&#160;&#160; &quot;1920x1080&quot;, <br>&#160;&#160;&#160;&#160;&#160;&#160;&#160;&#160;&#160;&#160;&#160; )<br>&#160;&#160;&#160;&#160;&#160;&#160;&#160; ), <br>&#160;&#160;&#160; )<br>#endif</div></div></span></span></span></span></span></div></div></font>","Clicks":0,"Platforms":[{"Id":113,"Name":"MT6589"},{"Id":133,"Name":"MT6572"},{"Id":144,"Name":"MT6582"}],"Branches":[{"Id":135,"Name":"JB2"},{"Id":146,"Name":"JB3"}],"Children":[],"FAQsUnderThis":[],"Id":null,"ObjectType":"FAQExtTreeModel"}
08-27 11:15:06.107  8854  8854 D WifiSettings: onAccessPointChanged (singular) callback initiated
08-27 11:15:06.108  8854  8854 I chatty  : uid=1000(system) com.android.settings identical 7 lines
08-27 11:15:06.108  8854  8854 D WifiSettings: onAccessPointChanged (singular) callback initiated
08-27 11:15:06.108  8854  8854 D WifiSettings: onAccessPointsChanged (WifiTracker) callback initiated
08-27 11:15:06.108   590  4073 I WifiService: getWifiEnabledState uid=1000
08-27 11:15:06.110   590   983 I WifiService: getCurrentNetwork uid=1000
08-27 11:15:06.124  9513  9596 E zhangqi8888: execute(7) title:[Camera Drv]72Video
08-27 11:15:06.124  9513  9596 E zhangqi8888: execute(8) faqId:FAQ07270
08-27 11:15:06.125   274   624 I BufferQueueProducer: [com.android.settings/com.android.settings.Settings$WifiSettingsActivity#0](this:0xaac9d000,id:223,api:1,p:8854,c:274) queueBuffer: fps=5.38 dur=1302.29 max=742.10 min=18.39
08-27 11:15:06.134   274   416 W GrallocMapperPassthrough: buffer descriptor with invalid usage bits 0x400
08-27 11:15:06.135   270  4161 I [Gralloc]: usage1: 0xf02, format: 1 stride: 480 vertical_stride: 960 size: 1843200
08-27 11:15:06.137  8854  8900 D GraphicBuffer: register, handle(0x9a7dd6c0) (w:480 h:960 s:480 f:0x1 u:f02)
08-27 11:15:06.136   781   781 D WindowClient: Remove from mViews: com.android.systemui.assist.AssistOrbContainer{fe65059 G.E...... ......ID 0,0-480,375}, this = android.view.WindowManagerGlobal@195145
08-27 11:15:06.137   274   274 E libPowerStretch: LucidStats currentFPS = 10.10 [2972591268]
08-27 11:15:06.143  9513  9596 E zhangqi8888: download result 200
08-27 11:15:06.164   309   355 D AAL     : 08-27 11:15:06.096 BL= 719,ESS= 256, 08-27 11:15:06.113 BL= 718,ESS= 256, 08-27 11:15:06.130 BL= 717,ESS= 256, 08-27 11:15:06.147 BL= 716,ESS= 256, 08-27 11:15:06.164 BL= 715,ESS= 256, 
08-27 11:15:06.168   781   781 D WindowClient: Remove from mViews: com.android.systemui.stackdivider.DividerView{91dc42a I.E...... ......ID 0,0-0,72}, this = android.view.WindowManagerGlobal@195145
08-27 11:15:06.173   274   623 W GrallocMapperPassthrough: buffer descriptor with invalid usage bits 0x400
08-27 11:15:06.174   270  4161 I [Gralloc]: usage1: 0xf02, format: 1 stride: 48 vertical_stride: 960 size: 184320
08-27 11:15:06.174  1160  1723 I ChimeraSrvcProxy: NullBinder for android.net.action.RECOMMEND_NETWORKS triggering remote TransactionTooLargeException due to Service without Chimera impl
08-27 11:15:06.175   781   985 D GraphicBuffer: register, handle(0xa65ca100) (w:36 h:960 s:48 f:0x1 u:f02)
08-27 11:15:06.237   274   274 I BufferQueueProducer: [FrameBufferSurface_0](this:0xad058000,id:0,api:1,p:274,c:274) queueBuffer: fps=52.45 dur=1010.41 max=38.01 min=11.68
08-27 11:15:06.248   309   355 D AAL     : 08-27 11:15:06.180 BL= 714,ESS= 256, 08-27 11:15:06.197 BL= 713,ESS= 256, 08-27 11:15:06.214 BL= 711,ESS= 256, 08-27 11:15:06.231 BL= 710,ESS= 256, 08-27 11:15:06.248 BL= 709,ESS= 256, 
08-27 11:15:06.315   439   481 D MDLOGGER: thrDetectFilter: Detecting catcher_filter.bin exist or not every 5 seconds!
08-27 11:15:06.316   439   481 D MDLOGGER: pMDEngine->m_bTerminate is false.  busy for modem = 0,m_nM2ABufCnt = 8
08-27 11:15:06.332   309   355 D AAL     : 08-27 11:15:06.265 BL= 708,ESS= 256, 08-27 11:15:06.282 BL= 707,ESS= 256, 08-27 11:15:06.299 BL= 706,ESS= 256, 08-27 11:15:06.315 BL= 705,ESS= 256, 08-27 11:15:06.332 BL= 704,ESS= 256, 
08-27 11:15:06.417   309   355 D AAL     : 08-27 11:15:06.350 BL= 703,ESS= 256, 08-27 11:15:06.366 BL= 702,ESS= 256, 08-27 11:15:06.383 BL= 701,ESS= 256, 08-27 11:15:06.400 BL= 699,ESS= 256, 08-27 11:15:06.417 BL= 698,ESS= 256, 
08-27 11:15:06.419   590   983 I WifiService: getWifiEnabledState uid=1000
08-27 11:15:06.422   590   983 I WifiService: getCurrentNetwork uid=1000
08-27 11:15:06.440   590   983 I WifiService: getConfiguredNetworks uid=1000
08-27 11:15:06.444   590   983 I WifiService: getPasspointConfigurations uid=1000
08-27 11:15:06.489   590   711 E PowerHalWrapper: <setRotation> do boost with 0ms
08-27 11:15:06.490   270  4161 I vendor.mediatek.hardware.power@1.1-impl: mtkPowerHint hint:14, data:0
08-27 11:15:06.501   309   355 D AAL     : 08-27 11:15:06.439 BL= 697,ESS= 256, 08-27 11:15:06.453 BL= 696,ESS= 256, 08-27 11:15:06.467 BL= 695,ESS= 256, 08-27 11:15:06.484 BL= 694,ESS= 256, 08-27 11:15:06.501 BL= 693,ESS= 256, 
08-27 11:15:06.502   274   274 I BufferQueueConsumer: [BlackSurface#0](this:0xaacb7000,id:229,api:0,p:-1,c:-1) disconnect(C)
08-27 11:15:06.502   274   274 I BufferQueueConsumer: [BlackSurface#1](this:0xaacc1000,id:232,api:0,p:-1,c:-1) disconnect(C)
08-27 11:15:06.502   274   274 I BufferQueueConsumer: [BlackSurface#0](this:0xaacc7000,id:230,api:0,p:-1,c:-1) disconnect(C)
08-27 11:15:06.502   274   274 I BufferQueueConsumer: [BlackSurface#0](this:0xaacca000,id:231,api:0,p:-1,c:-1) disconnect(C)
08-27 11:15:06.502   274   274 I BufferQueueConsumer: [ScreenshotSurface#0](this:0xab6e5000,id:228,api:1,p:-1,c:-1) disconnect(C)
08-27 11:15:06.502   274   274 I BufferQueue: [ScreenshotSurface#0](this:0xab6e5000,id:228,api:1,p:-1,c:-1) ~BufferQueueCore
08-27 11:15:06.503   274   274 I BufferQueue: [BlackSurface#0](this:0xaacb7000,id:229,api:0,p:-1,c:-1) ~BufferQueueCore
08-27 11:15:06.503   274   274 I BufferQueue: [BlackSurface#0](this:0xaacc7000,id:230,api:0,p:-1,c:-1) ~BufferQueueCore
08-27 11:15:06.503   274   274 I BufferQueue: [BlackSurface#0](this:0xaacca000,id:231,api:0,p:-1,c:-1) ~BufferQueueCore
08-27 11:15:06.504   274   274 I BufferQueue: [BlackSurface#1](this:0xaacc1000,id:232,api:0,p:-1,c:-1) ~BufferQueueCore
08-27 11:15:06.585   309   355 D AAL     : 08-27 11:15:06.518 BL= 692,ESS= 256, 08-27 11:15:06.534 BL= 691,ESS= 256, 08-27 11:15:06.551 BL= 690,ESS= 256, 08-27 11:15:06.568 BL= 689,ESS= 256, 08-27 11:15:06.585 BL= 687,ESS= 256, 
08-27 11:15:06.670   309   355 D AAL     : 08-27 11:15:06.602 BL= 686,ESS= 256, 08-27 11:15:06.619 BL= 685,ESS= 256, 08-27 11:15:06.636 BL= 684,ESS= 256, 08-27 11:15:06.652 BL= 683,ESS= 256, 08-27 11:15:06.670 BL= 682,ESS= 256, 
08-27 11:15:06.754   309   355 D AAL     : 08-27 11:15:06.686 BL= 681,ESS= 256, 08-27 11:15:06.703 BL= 680,ESS= 256, 08-27 11:15:06.720 BL= 679,ESS= 256, 08-27 11:15:06.737 BL= 678,ESS= 256, 08-27 11:15:06.753 BL= 676,ESS= 256, 
08-27 11:15:06.838   309   355 D AAL     : 08-27 11:15:06.770 BL= 675,ESS= 256, 08-27 11:15:06.787 BL= 674,ESS= 256, 08-27 11:15:06.804 BL= 673,ESS= 256, 08-27 11:15:06.821 BL= 672,ESS= 256, 08-27 11:15:06.838 BL= 671,ESS= 256, 
08-27 11:15:06.906  9372  9410 I System.out: port:443
08-27 11:15:06.922   309   355 D AAL     : 08-27 11:15:06.854 BL= 670,ESS= 256, 08-27 11:15:06.871 BL= 669,ESS= 256, 08-27 11:15:06.889 BL= 668,ESS= 256, 08-27 11:15:06.905 BL= 667,ESS= 256, 08-27 11:15:06.922 BL= 666,ESS= 256, 
08-27 11:15:07.025   309   355 D AAL     : 08-27 11:15:06.939 BL= 665,ESS= 256, 08-27 11:15:06.955 BL= 664,ESS= 256, 08-27 11:15:06.973 BL= 662,ESS= 256, 08-27 11:15:07.006 BL= 660,ESS= 256, 08-27 11:15:07.024 BL= 659,ESS= 256, 
08-27 11:15:07.063   274   274 I DisplayDevice: [Built-in Screen (type:0)] fps:59.252777,dur:1012.61,max:21.62,min:12.57
08-27 11:15:07.110   309   355 D AAL     : 08-27 11:15:07.041 BL= 658,ESS= 256, 08-27 11:15:07.057 BL= 657,ESS= 256, 08-27 11:15:07.074 BL= 656,ESS= 256, 08-27 11:15:07.092 BL= 655,ESS= 256, 08-27 11:15:07.109 BL= 654,ESS= 256, 
08-27 11:15:07.133   274   623 I BufferQueueProducer: [com.android.settings/com.android.settings.Settings$WifiSettingsActivity#0](this:0xaac9d000,id:223,api:1,p:8854,c:274) queueBuffer: fps=58.56 dur=1007.50 max=32.36 min=12.43
08-27 11:15:07.194   309   355 D AAL     : 08-27 11:15:07.124 BL= 653,ESS= 256, 08-27 11:15:07.141 BL= 652,ESS= 256, 08-27 11:15:07.158 BL= 651,ESS= 256, 08-27 11:15:07.175 BL= 650,ESS= 256, 08-27 11:15:07.194 BL= 649,ESS= 256, 
08-27 11:15:07.215   261  3922 D AudioALSAStreamOut: standby()
08-27 11:15:07.215   261  3922 D AudioALSAStreamOut: standbyStreamOut()
08-27 11:15:07.215   261  3922 D AudioALSAStreamOut: close(), flags 6, mMixerOutInUse 0
08-27 11:15:07.215   261  3922 D AudioALSAPlaybackHandlerNormal: +close()
08-27 11:15:07.215   261  3922 D AudioVoiceUIDL: [SetInputStandBy] ReadRefFromRing to exit? (0) 
08-27 11:15:07.215   261  3922 D AudioALSADeviceConfigManager: ApplyDeviceTurnoffSequenceByName(), DeviceName = ext_speaker_output descriptor->DeviceStatusCounter = 1
08-27 11:15:07.216   261  3922 D AudioALSADeviceConfigManager: ApplyDeviceTurnoffSequenceByName(), DeviceName = headphone_output descriptor->DeviceStatusCounter = 1
08-27 11:15:07.216   261  3922 D AudioALSADriverUtility: GetPropertyValue key = af.resouce.extdac_support value = 0
08-27 11:15:07.216   261  3922 D AudioALSAPlaybackHandlerBase: +closePcmDriver(), mPcm = 0xb58a8c40
08-27 11:15:07.217   261  3922 D AudioALSAPlaybackHandlerBase: -closePcmDriver(), mPcm = 0x0
08-27 11:15:07.218   261  3922 D AudioALSADriverUtility: GetPropertyValue key = af.resouce.extdac_support value = 0
08-27 11:15:07.218   261  3922 D AudioMTKFilter: AudioMTKFilter::stop() type 0 mode 8
08-27 11:15:07.218   261  3922 D MtkAudioLoud: +close()
08-27 11:15:07.218   261  3922 D MtkAudioLoud: -close()
08-27 11:15:07.218   261  3922 D AudioALSAPlaybackHandlerBase: DeinitDataPending
08-27 11:15:07.218   261  3922 D AudioALSAPlaybackHandlerNormal: -close()
08-27 11:15:07.218   261  3922 D AudioALSAStreamManager: +destroyPlaybackHandler(), mode = 0, pPlaybackHandler = 0xb428b280
08-27 11:15:07.219   261  3922 D AudioALSAPlaybackHandlerNormal: ~AudioALSAPlaybackHandlerNormal()
08-27 11:15:07.219   261  3922 D AudioALSAStreamManager: -destroyPlaybackHandler(), mPlaybackHandlerVector.size() = 0
08-27 11:15:07.219   261  3922 D AudioALSAStreamOut: setMuteForRouting(), mute 0, flags 6
08-27 11:15:07.219   261  3922 D AudioUtility: power_hal_hint - custPowerHint 0, data 0
08-27 11:15:07.219   270   396 I vendor.mediatek.hardware.power@1.1-impl: mtkCusPowerHint hint:0, data:0
08-27 11:15:07.220   270   302 I powerd  : [powerd_req] POWER_MSG_MTK_CUS_HINT: hint:0, hdl:36, data:0
08-27 11:15:07.248   274   274 I BufferQueueProducer: [FrameBufferSurface_0](this:0xad058000,id:0,api:1,p:274,c:274) queueBuffer: fps=59.37 dur=1010.58 max=21.82 min=12.61
08-27 11:15:07.294   309   355 D AAL     : 08-27 11:15:07.209 BL= 647,ESS= 256, 08-27 11:15:07.242 BL= 645,ESS= 256, 08-27 11:15:07.259 BL= 644,ESS= 256, 08-27 11:15:07.276 BL= 643,ESS= 256, 08-27 11:15:07.294 BL= 642,ESS= 256, 
08-27 11:15:07.316   439   481 D MDLOGGER: thrDetectFilter: Detecting catcher_filter.bin exist or not every 5 seconds!
08-27 11:15:07.317   439   481 D MDLOGGER: pMDEngine->m_bTerminate is false.  busy for modem = 0,m_nM2ABufCnt = 8
08-27 11:15:07.377   309   355 D AAL     : 08-27 11:15:07.309 BL= 641,ESS= 256, 08-27 11:15:07.327 BL= 640,ESS= 256, 08-27 11:15:07.343 BL= 639,ESS= 256, 08-27 11:15:07.360 BL= 638,ESS= 256, 08-27 11:15:07.377 BL= 637,ESS= 256, 
08-27 11:15:07.461   309   355 D AAL     : 08-27 11:15:07.395 BL= 636,ESS= 256, 08-27 11:15:07.410 BL= 635,ESS= 256, 08-27 11:15:07.427 BL= 634,ESS= 256, 08-27 11:15:07.444 BL= 633,ESS= 256, 08-27 11:15:07.461 BL= 632,ESS= 256, 
08-27 11:15:07.546   309   355 D AAL     : 08-27 11:15:07.478 BL= 631,ESS= 256, 08-27 11:15:07.495 BL= 630,ESS= 256, 08-27 11:15:07.512 BL= 629,ESS= 256, 08-27 11:15:07.528 BL= 628,ESS= 256, 08-27 11:15:07.546 BL= 626,ESS= 256, 
08-27 11:15:07.620  8854  8900 E libPowerStretch: LucidStats currentFPS = 8.04 [2585758064]
08-27 11:15:07.632   309   355 D AAL     : 08-27 11:15:07.562 BL= 625,ESS= 256, 08-27 11:15:07.579 BL= 624,ESS= 256, 08-27 11:15:07.598 BL= 623,ESS= 256, 08-27 11:15:07.612 BL= 622,ESS= 256, 08-27 11:15:07.630 BL= 621,ESS= 256, 
08-27 11:15:07.714   309   355 D AAL     : 08-27 11:15:07.646 BL= 620,ESS= 256, 08-27 11:15:07.663 BL= 619,ESS= 256, 08-27 11:15:07.680 BL= 618,ESS= 256, 08-27 11:15:07.697 BL= 617,ESS= 256, 08-27 11:15:07.714 BL= 616,ESS= 256, 
08-27 11:15:07.798   309   355 D AAL     : 08-27 11:15:07.731 BL= 615,ESS= 256, 08-27 11:15:07.749 BL= 614,ESS= 256, 08-27 11:15:07.764 BL= 613,ESS= 256, 08-27 11:15:07.781 BL= 612,ESS= 256, 08-27 11:15:07.798 BL= 611,ESS= 256, 
08-27 11:15:07.882   309   355 D AAL     : 08-27 11:15:07.815 BL= 610,ESS= 256, 08-27 11:15:07.831 BL= 609,ESS= 256, 08-27 11:15:07.848 BL= 608,ESS= 256, 08-27 11:15:07.865 BL= 607,ESS= 256, 08-27 11:15:07.882 BL= 606,ESS= 256, 
08-27 11:15:07.966   309   355 D AAL     : 08-27 11:15:07.899 BL= 605,ESS= 256, 08-27 11:15:07.916 BL= 604,ESS= 256, 08-27 11:15:07.933 BL= 603,ESS= 256, 08-27 11:15:07.949 BL= 602,ESS= 256, 08-27 11:15:07.966 BL= 601,ESS= 256, 
08-27 11:15:08.023   274   415 I BufferQueueProducer: [StatusBar#0](this:0xab6c9000,id:4,api:1,p:781,c:274) queueBuffer: fps=0.99 dur=2018.50 max=1843.78 min=174.72
08-27 11:15:08.050   309   355 D AAL     : 08-27 11:15:07.983 BL= 599,ESS= 256, 08-27 11:15:08.000 BL= 598,ESS= 256, 08-27 11:15:08.017 BL= 597,ESS= 256, 08-27 11:15:08.034 BL= 596,ESS= 256, 08-27 11:15:08.050 BL= 595,ESS= 256, 
08-27 11:15:08.090   274   274 I DisplayDevice: [Built-in Screen (type:0)] fps:57.474941,dur:1026.53,max:33.78,min:16.18
08-27 11:15:08.135   309   355 D AAL     : 08-27 11:15:08.067 BL= 594,ESS= 256, 08-27 11:15:08.086 BL= 593,ESS= 256, 08-27 11:15:08.101 BL= 592,ESS= 256, 08-27 11:15:08.118 BL= 591,ESS= 256, 08-27 11:15:08.135 BL= 590,ESS= 256, 
08-27 11:15:08.144   274   415 I BufferQueueProducer: [com.android.settings/com.android.settings.Settings$WifiSettingsActivity#0](this:0xaac9d000,id:223,api:1,p:8854,c:274) queueBuffer: fps=57.36 dur=1011.14 max=34.39 min=13.37
08-27 11:15:08.189   274   274 E libPowerStretch: LucidStats currentFPS = 58.49 [2972591268]
08-27 11:15:08.219   309   355 D AAL     : 08-27 11:15:08.151 BL= 589,ESS= 256, 08-27 11:15:08.168 BL= 588,ESS= 256, 08-27 11:15:08.185 BL= 587,ESS= 256, 08-27 11:15:08.202 BL= 586,ESS= 256, 08-27 11:15:08.219 BL= 585,ESS= 256, 
08-27 11:15:08.256   274   274 I BufferQueueProducer: [FrameBufferSurface_0](this:0xad058000,id:0,api:1,p:274,c:274) queueBuffer: fps=57.53 dur=1008.20 max=33.92 min=15.99
08-27 11:15:08.303   309   355 D AAL     : 08-27 11:15:08.236 BL= 584,ESS= 256, 08-27 11:15:08.252 BL= 583,ESS= 256, 08-27 11:15:08.269 BL= 582,ESS= 256, 08-27 11:15:08.286 BL= 581,ESS= 256, 08-27 11:15:08.303 BL= 580,ESS= 256, 
08-27 11:15:08.319   439   481 D MDLOGGER: thrDetectFilter: Detecting catcher_filter.bin exist or not every 5 seconds!
08-27 11:15:08.319   439   481 D MDLOGGER: pMDEngine->m_bTerminate is false.  busy for modem = 0,m_nM2ABufCnt = 8
08-27 11:15:08.404   309   355 D AAL     : 08-27 11:15:08.320 BL= 579,ESS= 256, 08-27 11:15:08.337 BL= 578,ESS= 256, 08-27 11:15:08.354 BL= 576,ESS= 256, 08-27 11:15:08.388 BL= 574,ESS= 256, 08-27 11:15:08.404 BL= 573,ESS= 256, 
08-27 11:15:08.459   590   617 I zygote  : Explicit concurrent copying GC freed 23991(1605KB) AllocSpace objects, 4(144KB) LOS objects, 35% free, 10MB/16MB, paused 414us total 382.721ms
08-27 11:15:08.488   309   355 D AAL     : 08-27 11:15:08.421 BL= 572,ESS= 256, 08-27 11:15:08.438 BL= 571,ESS= 256, 08-27 11:15:08.455 BL= 570,ESS= 256, 08-27 11:15:08.471 BL= 569,ESS= 256, 08-27 11:15:08.488 BL= 568,ESS= 256, 
08-27 11:15:08.573   309   355 D AAL     : 08-27 11:15:08.505 BL= 567,ESS= 256, 08-27 11:15:08.522 BL= 566,ESS= 256, 08-27 11:15:08.539 BL= 565,ESS= 256, 08-27 11:15:08.556 BL= 564,ESS= 256, 08-27 11:15:08.573 BL= 563,ESS= 256, 
08-27 11:15:08.657   309   355 D AAL     : 08-27 11:15:08.589 BL= 562,ESS= 256, 08-27 11:15:08.606 BL= 561,ESS= 256, 08-27 11:15:08.623 BL= 560,ESS= 256, 08-27 11:15:08.640 BL= 559,ESS= 256, 08-27 11:15:08.657 BL= 558,ESS= 256, 
08-27 11:15:08.741   309   355 D AAL     : 08-27 11:15:08.674 BL= 557,ESS= 256, 08-27 11:15:08.691 BL= 556,ESS= 256, 08-27 11:15:08.707 BL= 555,ESS= 256, 08-27 11:15:08.724 BL= 554,ESS= 256, 08-27 11:15:08.741 BL= 553,ESS= 256, 
08-27 11:15:08.768  2004  2394 I MTKLogger/Utils: <--getDefalueInternalSdPath() = /storage/emulated/0
08-27 11:15:08.825   309   355 D AAL     : 08-27 11:15:08.758 BL= 552,ESS= 256, 08-27 11:15:08.775 BL= 551,ESS= 256, 08-27 11:15:08.792 BL= 550,ESS= 256, 08-27 11:15:08.808 BL= 548,ESS= 256, 08-27 11:15:08.825 BL= 547,ESS= 256, 
08-27 11:15:08.914   590   851 D AES     : AEEIOCTL_GET/SET_SF_STATE IOCTL,cmd= 1074294797, lParam=0. 
08-27 11:15:08.914   590   851 D AES     : AEEIOCTL_RT_MON_Kick IOCTL,cmd= 2147774474, lParam=300. 
08-27 11:15:08.927   309   355 D AAL     : 08-27 11:15:08.859 BL= 545,ESS= 256, 08-27 11:15:08.876 BL= 544,ESS= 256, 08-27 11:15:08.893 BL= 543,ESS= 256, 08-27 11:15:08.909 BL= 542,ESS= 256, 08-27 11:15:08.927 BL= 541,ESS= 256, 
08-27 11:15:08.984   439   482 D MDLOGGER_CLEAR_LOG: mdlogger clearLog V4.W1743.3
08-27 11:15:09.011   309   355 D AAL     : 08-27 11:15:08.943 BL= 540,ESS= 256, 08-27 11:15:08.960 BL= 539,ESS= 256, 08-27 11:15:08.977 BL= 538,ESS= 256, 08-27 11:15:08.994 BL= 537,ESS= 256, 08-27 11:15:09.011 BL= 536,ESS= 256, 
08-27 11:15:09.095   309   355 D AAL     : 08-27 11:15:09.027 BL= 535,ESS= 256, 08-27 11:15:09.044 BL= 534,ESS= 256, 08-27 11:15:09.061 BL= 533,ESS= 256, 08-27 11:15:09.078 BL= 532,ESS= 256, 08-27 11:15:09.095 BL= 531,ESS= 256, 
08-27 11:15:09.179   309   355 D AAL     : 08-27 11:15:09.112 BL= 530,ESS= 256, 08-27 11:15:09.128 BL= 529,ESS= 256, 08-27 11:15:09.145 BL= 528,ESS= 256, 08-27 11:15:09.162 BL= 527,ESS= 256, 08-27 11:15:09.179 BL= 526,ESS= 256, 
08-27 11:15:09.263   309   355 D AAL     : 08-27 11:15:09.196 BL= 525,ESS= 256, 08-27 11:15:09.213 BL= 524,ESS= 256, 08-27 11:15:09.230 BL= 523,ESS= 256, 08-27 11:15:09.246 BL= 522,ESS= 256, 08-27 11:15:09.263 BL= 521,ESS= 256, 
08-27 11:15:09.319   439   481 D MDLOGGER: thrDetectFilter: Detecting catcher_filter.bin exist or not every 5 seconds!
08-27 11:15:09.319   439   481 D MDLOGGER: pMDEngine->m_bTerminate is false.  busy for modem = 0,m_nM2ABufCnt = 8
08-27 11:15:09.348   309   355 D AAL     : 08-27 11:15:09.280 BL= 520,ESS= 256, 08-27 11:15:09.297 BL= 519,ESS= 256, 08-27 11:15:09.314 BL= 518,ESS= 256, 08-27 11:15:09.331 BL= 517,ESS= 256, 08-27 11:15:09.348 BL= 516,ESS= 256, 
08-27 11:15:09.432   309   355 D AAL     : 08-27 11:15:09.364 BL= 515,ESS= 256, 08-27 11:15:09.381 BL= 514,ESS= 256, 08-27 11:15:09.398 BL= 513,ESS= 256, 08-27 11:15:09.415 BL= 512,ESS= 256, 08-27 11:15:09.432 BL= 511,ESS= 256, 
08-27 11:15:09.634   309   355 D AAL     : 08-27 11:15:09.449 BL= 510,ESS= 256, 08-27 11:15:09.487 BL= 509,ESS= 256, 08-27 11:15:09.533 BL= 508,ESS= 256, 08-27 11:15:09.583 BL= 507,ESS= 256, 08-27 11:15:09.634 BL= 506,ESS= 256, 
08-27 11:15:09.887   309   355 D AAL     : 08-27 11:15:09.684 BL= 505,ESS= 256, 08-27 11:15:09.735 BL= 504,ESS= 256, 08-27 11:15:09.804 BL= 503,ESS= 256, 08-27 11:15:09.836 BL= 502,ESS= 256, 08-27 11:15:09.887 BL= 501,ESS= 256, 
08-27 11:15:10.156   309   355 D AAL     : 08-27 11:15:09.954 BL= 500,ESS= 256, 08-27 11:15:10.005 BL= 499,ESS= 256, 08-27 11:15:10.038 BL= 498,ESS= 256, 08-27 11:15:10.106 BL= 497,ESS= 256, 08-27 11:15:10.156 BL= 496,ESS= 256, 
08-27 11:15:10.320   439   481 D MDLOGGER: thrDetectFilter: Detecting catcher_filter.bin exist or not every 5 seconds!
08-27 11:15:10.320   439   481 D MDLOGGER: pMDEngine->m_bTerminate is false.  busy for modem = 0,m_nM2ABufCnt = 8
08-27 11:15:10.443   309   355 D AAL     : 08-27 11:15:10.206 BL= 495,ESS= 256, 08-27 11:15:10.274 BL= 494,ESS= 256, 08-27 11:15:10.325 BL= 493,ESS= 256, 08-27 11:15:10.375 BL= 492,ESS= 256, 08-27 11:15:10.442 BL= 491,ESS= 256, 
08-27 11:15:10.729   309   355 D AAL     : 08-27 11:15:10.493 BL= 490,ESS= 256, 08-27 11:15:10.544 BL= 489,ESS= 256, 08-27 11:15:10.611 BL= 488,ESS= 256, 08-27 11:15:10.662 BL= 487,ESS= 256, 08-27 11:15:10.729 BL= 486,ESS= 256, 
08-27 11:15:10.782  9372  9412 I zygote  : Deoptimizing java.lang.String com.google.android.flib.log.a.a(java.lang.String, java.lang.Object[]) due to JIT inline cache
08-27 11:15:10.787  9372  9412 E Finsky  : [598] com.google.android.finsky.ai.d.a(6): Unexpected android-id = 0
08-27 11:15:10.838  9372  9412 I System.out: port:443
08-27 11:15:10.998   309   355 D AAL     : 08-27 11:15:10.779 BL= 485,ESS= 256, 08-27 11:15:10.830 BL= 484,ESS= 256, 08-27 11:15:10.880 BL= 483,ESS= 256, 08-27 11:15:10.948 BL= 482,ESS= 256, 08-27 11:15:10.998 BL= 481,ESS= 256, 
08-27 11:15:11.153  9513  9596 E zhangqi8888: downloading FAQ07271
08-27 11:15:11.155  9513  9596 E zhangqi8888: execute(1)
08-27 11:15:11.179  9513  9596 I System.out: isEmailSend:POST
08-27 11:15:11.185  9513  9596 E zhangqi8888: execute(2)
08-27 11:15:11.185  9513  9596 E zhangqi8888: execute(3)
08-27 11:15:11.186  9513  9596 I System.out: [OkHttp] sendRequest>>
08-27 11:15:11.192  9513  9596 I System.out: [OkHttp] sendRequest<<
08-27 11:15:11.286   309   355 D AAL     : 08-27 11:15:11.049 BL= 480,ESS= 256, 08-27 11:15:11.116 BL= 479,ESS= 256, 08-27 11:15:11.167 BL= 478,ESS= 256, 08-27 11:15:11.219 BL= 477,ESS= 256, 08-27 11:15:11.286 BL= 476,ESS= 256, 
08-27 11:15:11.320   439   481 D MDLOGGER: thrDetectFilter: Detecting catcher_filter.bin exist or not every 5 seconds!
08-27 11:15:11.320   439   481 D MDLOGGER: pMDEngine->m_bTerminate is false.  busy for modem = 0,m_nM2ABufCnt = 8
08-27 11:15:11.554   309   355 D AAL     : 08-27 11:15:11.335 BL= 475,ESS= 256, 08-27 11:15:11.386 BL= 474,ESS= 256, 08-27 11:15:11.453 BL= 473,ESS= 256, 08-27 11:15:11.504 BL= 472,ESS= 256, 08-27 11:15:11.554 BL= 471,ESS= 256, 
08-27 11:15:11.625  9513  9596 E zhangqi8888: execute(4)200
08-27 11:15:11.625  9513  9596 E zhangqi8888: execute(5)
08-27 11:15:11.630  9513  9596 E zhangqi8888: execute(6)null
08-27 11:15:11.631  9513  9596 E zhangqi8888: execute(7) stringBuffer:null
08-27 11:15:11.633  9513  9596 E zhangqi8888: execute(7)
08-27 11:15:11.633  9513  9596 E zhangqi8888: org.json.JSONException: Value null of type org.json.JSONObject$1 cannot be converted to JSONObject
08-27 11:15:11.633  9513  9596 E zhangqi8888: 	at org.json.JSON.typeMismatch(JSON.java:111)
08-27 11:15:11.633  9513  9596 E zhangqi8888: 	at org.json.JSONObject.<init>(JSONObject.java:163)
08-27 11:15:11.633  9513  9596 E zhangqi8888: 	at org.json.JSONObject.<init>(JSONObject.java:176)
08-27 11:15:11.633  9513  9596 E zhangqi8888: 	at com.mobile.panorama.PostUtils.execute(PostUtils.java:62)
08-27 11:15:11.633  9513  9596 E zhangqi8888: 	at com.mobile.panorama.MainActivity$6$1.run(MainActivity.java:150)
08-27 11:15:11.633  9513  9596 E zhangqi8888: 	at java.lang.Thread.run(Thread.java:764)
08-27 11:15:11.634  9513  9596 W System.err: org.json.JSONException: Value null of type org.json.JSONObject$1 cannot be converted to JSONObject
08-27 11:15:11.635  9513  9596 W System.err: 	at org.json.JSON.typeMismatch(JSON.java:111)
08-27 11:15:11.637  9513  9596 W System.err: 	at org.json.JSONObject.<init>(JSONObject.java:163)
08-27 11:15:11.638  9513  9596 W System.err: 	at org.json.JSONObject.<init>(JSONObject.java:176)
08-27 11:15:11.639  9513  9596 W System.err: 	at com.mobile.panorama.PostUtils.execute(PostUtils.java:62)
08-27 11:15:11.639  9513  9596 W System.err: 	at com.mobile.panorama.MainActivity$6$1.run(MainActivity.java:150)
08-27 11:15:11.640  9513  9596 W System.err: 	at java.lang.Thread.run(Thread.java:764)
08-27 11:15:11.640  9513  9596 E zhangqi8888: execute(8)
08-27 11:15:11.647  9513  9596 E zhangqi8888: download result -1
08-27 11:15:11.841   309   355 D AAL     : 08-27 11:15:11.622 BL= 470,ESS= 256, 08-27 11:15:11.672 BL= 469,ESS= 256, 08-27 11:15:11.722 BL= 468,ESS= 256, 08-27 11:15:11.790 BL= 467,ESS= 256, 08-27 11:15:11.841 BL= 466,ESS= 256, 
08-27 11:15:12.017   274  1479 I BufferQueueProducer: [StatusBar#0](this:0xab6c9000,id:4,api:1,p:781,c:274) queueBuffer: fps=0.25 dur=3994.14 max=3994.14 min=3994.14
08-27 11:15:12.030   274   274 I BufferQueueProducer: [FrameBufferSurface_0](this:0xad058000,id:0,api:1,p:274,c:274) queueBuffer: fps=1.59 dur=3773.46 max=3689.41 min=16.71
08-27 11:15:12.030   274   274 I DisplayDevice: [Built-in Screen (type:0)] fps:4.060808,dur:3940.10,max:3689.46,min:16.13
08-27 11:15:12.075  9372  9410 I System.out: port:443
08-27 11:15:12.127   309   355 D AAL     : 08-27 11:15:11.891 BL= 465,ESS= 256, 08-27 11:15:11.959 BL= 464,ESS= 256, 08-27 11:15:12.009 BL= 463,ESS= 256, 08-27 11:15:12.060 BL= 462,ESS= 256, 08-27 11:15:12.127 BL= 461,ESS= 256, 
08-27 11:15:12.321   439   481 D MDLOGGER: thrDetectFilter: Detecting catcher_filter.bin exist or not every 5 seconds!
08-27 11:15:12.321   439   481 D MDLOGGER: pMDEngine->m_bTerminate is false.  busy for modem = 0,m_nM2ABufCnt = 8
08-27 11:15:12.874   439   480 I MDLOGGER: Select CCCI port no trigger: timeout for 5 times
08-27 11:15:13.320   274  1479 I BufferQueueProducer: [StatusBar#0](this:0xab6c9000,id:4,api:1,p:781,c:274) queueBuffer: fps=0.77 dur=1303.06 max=1303.06 min=1303.06
08-27 11:15:13.321   439   481 D MDLOGGER: thrDetectFilter: Detecting catcher_filter.bin exist or not every 5 seconds!
08-27 11:15:13.321   439   481 D MDLOGGER: pMDEngine->m_bTerminate is false.  busy for modem = 0,m_nM2ABufCnt = 8
08-27 11:15:13.326   274   274 I BufferQueueProducer: [FrameBufferSurface_0](this:0xad058000,id:0,api:1,p:274,c:274) queueBuffer: fps=0.77 dur=1296.91 max=1296.91 min=1296.91
08-27 11:15:13.327   274   274 I DisplayDevice: [Built-in Screen (type:0)] fps:0.771068,dur:1296.90,max:1296.90,min:1296.90
08-27 11:15:14.322   439   481 D MDLOGGER: thrDetectFilter: Detecting catcher_filter.bin exist or not every 5 seconds!
08-27 11:15:14.322   439   481 D MDLOGGER: pMDEngine->m_bTerminate is false.  busy for modem = 0,m_nM2ABufCnt = 8
08-27 11:15:14.791   590   983 I WifiService: startScan uid=1000
08-27 11:15:15.029   274  1479 I BufferQueueProducer: [StatusBar#0](this:0xab6c9000,id:4,api:1,p:781,c:274) queueBuffer: fps=1.17 dur=1709.51 max=1004.61 min=704.90
08-27 11:15:15.047   274   274 I BufferQueueProducer: [FrameBufferSurface_0](this:0xad058000,id:0,api:1,p:274,c:274) queueBuffer: fps=1.16 dur=1720.28 max=1010.73 min=709.55
08-27 11:15:15.047   274   274 I DisplayDevice: [Built-in Screen (type:0)] fps:1.162430,dur:1720.53,max:1011.05,min:709.48
08-27 11:15:15.126   590   606 W ActivityManager: Activity destroy timeout for ActivityRecord{5c02541 u0 com.mobile.panorama/.MainActivity t23 f}
08-27 11:15:15.144   274   274 I BufferQueueConsumer: [com.mobile.panorama/com.mobile.panorama.MainActivity#0](this:0xaac88000,id:216,api:1,p:9513,c:-1) disconnect(C)
08-27 11:15:15.322   439   481 D MDLOGGER: thrDetectFilter: Detecting catcher_filter.bin exist or not every 5 seconds!
08-27 11:15:15.322   439   481 D MDLOGGER: pMDEngine->m_bTerminate is false.  busy for modem = 0,m_nM2ABufCnt = 8
08-27 11:15:15.460   329   329 I thermal_repeater: [recvMdThermalInfo] ret=15, strLen=127,  2, 32767, -127
08-27 11:15:15.878  9372  9412 I System.out: port:443
08-27 11:15:16.031   274   415 I BufferQueueProducer: [StatusBar#0](this:0xab6c9000,id:4,api:1,p:781,c:274) queueBuffer: fps=1.00 dur=1001.62 max=1001.62 min=1001.62
08-27 11:15:16.067   334   334 D agps    : [WIFI2AGPS] wifi2agps_scanned
08-27 11:15:16.068   334   334 E agps    :  ERR: [WIFI2AGPS] sendto dest=[/data/agps_supl/wifi_2_agps] len=7952 reason=[No such file or directory]
08-27 11:15:16.068   334   334 E agps    :  ERR: [WIFI2AGPS] external_snd_cmd safe_sendto failed
08-27 11:15:16.077   590   983 D WificondControl: Scan result ready event
08-27 11:15:16.109   590   983 I WifiService: getConfiguredNetworks uid=1000
08-27 11:15:16.117   590   983 I WifiService: getConfiguredNetworks uid=1000
08-27 11:15:16.159  1160  1723 I ChimeraSrvcProxy: NullBinder for android.net.action.RECOMMEND_NETWORKS triggering remote TransactionTooLargeException due to Service without Chimera impl
08-27 11:15:16.162  8854  8854 D WifiSettings: onAccessPointChanged (singular) callback initiated
08-27 11:15:16.162  8854  8854 I chatty  : uid=1000(system) com.android.settings identical 8 lines
08-27 11:15:16.162  8854  8854 D WifiSettings: onAccessPointChanged (singular) callback initiated
08-27 11:15:16.162  8854  8854 D WifiSettings: onAccessPointsChanged (WifiTracker) callback initiated
08-27 11:15:16.163   590  4073 I WifiService: getWifiEnabledState uid=1000
08-27 11:15:16.165   590   983 I WifiService: getCurrentNetwork uid=1000
08-27 11:15:16.184   274   415 I BufferQueueProducer: [com.android.settings/com.android.settings.Settings$WifiSettingsActivity#0](this:0xaac9d000,id:223,api:1,p:8854,c:274) queueBuffer: fps=1.49 dur=8039.72 max=7858.31 min=15.42
08-27 11:15:16.191   274   274 I BufferQueueProducer: [FrameBufferSurface_0](this:0xad058000,id:0,api:1,p:274,c:274) queueBuffer: fps=3.50 dur=1144.47 max=843.02 min=46.70
08-27 11:15:16.192   274   274 I DisplayDevice: [Built-in Screen (type:0)] fps:3.495571,dur:1144.31,max:843.04,min:46.68
08-27 11:15:16.323   439   481 D MDLOGGER: thrDetectFilter: Detecting catcher_filter.bin exist or not every 5 seconds!
08-27 11:15:16.324   439   481 D MDLOGGER: pMDEngine->m_bTerminate is false.  busy for modem = 0,m_nM2ABufCnt = 8
08-27 11:15:16.466   590  4073 I WifiService: getWifiEnabledState uid=1000
08-27 11:15:16.468   590  4073 I WifiService: getCurrentNetwork uid=1000
08-27 11:15:16.472   590  4073 I WifiService: getConfiguredNetworks uid=1000
08-27 11:15:16.476   590  4073 I WifiService: getPasspointConfigurations uid=1000
08-27 11:15:16.658  9513  9596 E zhangqi8888: downloading FAQ07272
08-27 11:15:16.659  9513  9596 E zhangqi8888: execute(1)
08-27 11:15:16.681  9513  9596 I System.out: isEmailSend:POST
08-27 11:15:16.690  9513  9596 E zhangqi8888: execute(2)
08-27 11:15:16.690  9513  9596 E zhangqi8888: execute(3)
08-27 11:15:16.691  9513  9596 I System.out: [OkHttp] sendRequest>>
08-27 11:15:16.696  9513  9596 I System.out: [OkHttp] sendRequest<<
08-27 11:15:17.035   274   623 I BufferQueueProducer: [StatusBar#0](this:0xab6c9000,id:4,api:1,p:781,c:274) queueBuffer: fps=1.00 dur=1003.50 max=1003.50 min=1003.50
08-27 11:15:17.077  9513  9596 E zhangqi8888: execute(4)200
08-27 11:15:17.078  9513  9596 E zhangqi8888: execute(5)
08-27 11:15:17.084  9513  9596 E zhangqi8888: execute(6)null
08-27 11:15:17.090  9513  9596 E zhangqi8888: execute(7) stringBuffer:null
08-27 11:15:17.095  9513  9596 E zhangqi8888: execute(7)
08-27 11:15:17.095  9513  9596 E zhangqi8888: org.json.JSONException: Value null of type org.json.JSONObject$1 cannot be converted to JSONObject
08-27 11:15:17.095  9513  9596 E zhangqi8888: 	at org.json.JSON.typeMismatch(JSON.java:111)
08-27 11:15:17.095  9513  9596 E zhangqi8888: 	at org.json.JSONObject.<init>(JSONObject.java:163)
08-27 11:15:17.095  9513  9596 E zhangqi8888: 	at org.json.JSONObject.<init>(JSONObject.java:176)
08-27 11:15:17.095  9513  9596 E zhangqi8888: 	at com.mobile.panorama.PostUtils.execute(PostUtils.java:62)
08-27 11:15:17.095  9513  9596 E zhangqi8888: 	at com.mobile.panorama.MainActivity$6$1.run(MainActivity.java:150)
08-27 11:15:17.095  9513  9596 E zhangqi8888: 	at java.lang.Thread.run(Thread.java:764)
08-27 11:15:17.095  9513  9596 W System.err: org.json.JSONException: Value null of type org.json.JSONObject$1 cannot be converted to JSONObject
08-27 11:15:17.096  9513  9596 W System.err: 	at org.json.JSON.typeMismatch(JSON.java:111)
08-27 11:15:17.097  9513  9596 W System.err: 	at org.json.JSONObject.<init>(JSONObject.java:163)
08-27 11:15:17.097  9513  9596 W System.err: 	at org.json.JSONObject.<init>(JSONObject.java:176)
08-27 11:15:17.098  9513  9596 W System.err: 	at com.mobile.panorama.PostUtils.execute(PostUtils.java:62)
08-27 11:15:17.099  9513  9596 W System.err: 	at com.mobile.panorama.MainActivity$6$1.run(MainActivity.java:150)
08-27 11:15:17.099  9513  9596 W System.err: 	at java.lang.Thread.run(Thread.java:764)
08-27 11:15:17.099  9513  9596 E zhangqi8888: execute(8)
08-27 11:15:17.100  9513  9596 E zhangqi8888: download result -1
08-27 11:15:17.125  9372  9410 I System.out: port:443
08-27 11:15:17.191   274  1479 I BufferQueueProducer: [com.android.settings/com.android.settings.Settings$WifiSettingsActivity#0](this:0xaac9d000,id:223,api:1,p:8854,c:274) queueBuffer: fps=59.54 dur=1007.65 max=19.19 min=12.39
08-27 11:15:17.203   274   274 I BufferQueueProducer: [FrameBufferSurface_0](this:0xad058000,id:0,api:1,p:274,c:274) queueBuffer: fps=59.28 dur=1012.07 max=18.35 min=15.78
08-27 11:15:17.204   274   274 I DisplayDevice: [Built-in Screen (type:0)] fps:59.272915,dur:1012.27,max:18.31,min:15.57
08-27 11:15:17.324   439   481 D MDLOGGER: thrDetectFilter: Detecting catcher_filter.bin exist or not every 5 seconds!
08-27 11:15:17.325   439   481 D MDLOGGER: pMDEngine->m_bTerminate is false.  busy for modem = 0,m_nM2ABufCnt = 8
08-27 11:15:17.508  8854  8900 E libPowerStretch: LucidStats currentFPS = 12.14 [2585758064]
08-27 11:15:17.927   274   274 E libPowerStretch: LucidStats currentFPS = 12.32 [2972591268]
08-27 11:15:18.205   274  1479 I BufferQueueProducer: [com.android.settings/com.android.settings.Settings$WifiSettingsActivity#0](this:0xaac9d000,id:223,api:1,p:8854,c:274) queueBuffer: fps=58.19 dur=1014.01 max=35.00 min=13.85
08-27 11:15:18.214   274   274 I BufferQueueProducer: [FrameBufferSurface_0](this:0xad058000,id:0,api:1,p:274,c:274) queueBuffer: fps=58.37 dur=1010.81 max=34.10 min=16.27
08-27 11:15:18.215   274   274 I DisplayDevice: [Built-in Screen (type:0)] fps:58.374451,dur:1010.72,max:33.96,min:16.08
08-27 11:15:18.324   590   726 D MtkDataShapingUtils: openLteGateByDataShaping datashaping instance is null
08-27 11:15:18.325   439   481 D MDLOGGER: thrDetectFilter: Detecting catcher_filter.bin exist or not every 5 seconds!
08-27 11:15:18.326   439   481 D MDLOGGER: pMDEngine->m_bTerminate is false.  busy for modem = 0,m_nM2ABufCnt = 8
08-27 11:15:18.330   590   606 I ActivityManager: Killing 9086:com.android.providers.calendar/u0a28 (adj 906): empty #13
08-27 11:15:18.336   590   606 I ActivityManager: Killing 8919:com.google.android.apps.searchlite/u0a23 (adj 906): empty #14
08-27 11:15:18.342   590   608 W zygote  : kill(-9086, 9) failed: No such process
08-27 11:15:18.342   270   396 E memtrack_graphic: graphic_memtrack_get_memory error to open /sys/kernel/debug/ion/clients/8854: Permission denied
08-27 11:15:18.339   270   270 W HwBinder:270_1: type=1400 audit(0.0:549): avc: denied { read } for name="8854-0" dev="debugfs" ino=127026 scontext=u:r:merged_hal_service:s0 tcontext=u:object_r:debugfs:s0 tclass=file permissive=0
08-27 11:15:18.364   274   623 W GrallocMapperPassthrough: buffer descriptor with invalid usage bits 0x400
08-27 11:15:18.364   270   396 I [Gralloc]: usage1: 0xf02, format: 1 stride: 480 vertical_stride: 960 size: 1843200
08-27 11:15:18.369  8854  8900 D GraphicBuffer: register, handle(0x9a7dd780) (w:480 h:960 s:480 f:0x1 u:f02)
08-27 11:15:18.389   590   608 W zygote  : kill(-9086, 9) failed: No such process
08-27 11:15:18.434   590   608 W zygote  : kill(-9086, 9) failed: No such process
08-27 11:15:18.434   590   608 I zygote  : Successfully killed process cgroup uid 10028 pid 9086 in 97ms
08-27 11:15:18.435   590   608 W zygote  : kill(-8919, 9) failed: No such process
08-27 11:15:18.435   590   608 I zygote  : Successfully killed process cgroup uid 10023 pid 8919 in 0ms
08-27 11:15:19.038   274  1479 I BufferQueueProducer: [StatusBar#0](this:0xab6c9000,id:4,api:1,p:781,c:274) queueBuffer: fps=0.50 dur=2003.52 max=2003.52 min=2003.52
08-27 11:15:19.327   439   481 D MDLOGGER: thrDetectFilter: Detecting catcher_filter.bin exist or not every 5 seconds!
08-27 11:15:19.327   439   481 D MDLOGGER: pMDEngine->m_bTerminate is false.  busy for modem = 0,m_nM2ABufCnt = 8
08-27 11:15:19.720  1160  9593 I System.out: port:5228
08-27 11:15:20.327   439   481 D MDLOGGER: thrDetectFilter: Detecting catcher_filter.bin exist or not every 5 seconds!
08-27 11:15:20.328   439   481 D MDLOGGER: pMDEngine->m_bTerminate is false.  busy for modem = 0,m_nM2ABufCnt = 8
08-27 11:15:20.921  9372  9412 I System.out: port:443
08-27 11:15:21.056   274  1479 I BufferQueueProducer: [StatusBar#0](this:0xab6c9000,id:4,api:1,p:781,c:274) queueBuffer: fps=0.50 dur=2017.92 max=2017.92 min=2017.92
08-27 11:15:21.078   274   274 I BufferQueueProducer: [FrameBufferSurface_0](this:0xad058000,id:0,api:1,p:274,c:274) queueBuffer: fps=5.94 dur=2863.54 max=2021.88 min=15.35
08-27 11:15:21.078   274   274 I DisplayDevice: [Built-in Screen (type:0)] fps:5.936841,dur:2863.48,max:2021.92,min:15.39
08-27 11:15:21.313  1160  9593 E GCM     : Missing checkin config file
08-27 11:15:21.314  1160  9593 W GCM     : GCM FAILED TO INITIALIZE - missing checkin
08-27 11:15:21.319  1160  9593 E GCM     : Missing checkin config file
08-27 11:15:21.321  1160  9593 W GCM     : GCM FAILED TO INITIALIZE - missing checkin
08-27 11:15:21.326   590  3261 I WifiService: getConnectionInfo uid=10017
08-27 11:15:21.328   439   481 D MDLOGGER: thrDetectFilter: Detecting catcher_filter.bin exist or not every 5 seconds!
08-27 11:15:21.328   439   481 D MDLOGGER: pMDEngine->m_bTerminate is false.  busy for modem = 0,m_nM2ABufCnt = 8
08-27 11:15:21.334  1160  9593 E WakeLock: GCM_HB_ALARM release without a matched acquire!
08-27 11:15:21.334  1160  9593 W WakeLock: GCM_HB_ALARM counter does not exist
08-27 11:15:21.368  9372  9421 I System.out: port:443
08-27 11:15:21.438  1160  9613 I System.out: port:443
08-27 11:15:21.808  8985  9013 I YTGo    : FJD Prepare Un-registering callback LiteLogScheduleListener
08-27 11:15:21.810  8985  9013 I YTGo    : FJD Un-registering callback LiteLogScheduleListener
08-27 11:15:22.108  9513  9596 E zhangqi8888: downloading FAQ07273
08-27 11:15:22.109  9513  9596 E zhangqi8888: execute(1)
08-27 11:15:22.131  9513  9596 I System.out: isEmailSend:POST
08-27 11:15:22.135  9513  9596 E zhangqi8888: execute(2)
08-27 11:15:22.136  9513  9596 E zhangqi8888: execute(3)
08-27 11:15:22.137  9513  9596 I System.out: [OkHttp] sendRequest>>
08-27 11:15:22.140  9513  9596 I System.out: [OkHttp] sendRequest<<
08-27 11:15:22.328   439   481 D MDLOGGER: thrDetectFilter: Detecting catcher_filter.bin exist or not every 5 seconds!
08-27 11:15:22.328   439   481 D MDLOGGER: pMDEngine->m_bTerminate is false.  busy for modem = 0,m_nM2ABufCnt = 8
08-27 11:15:22.491  9513  9596 E zhangqi8888: execute(4)200
08-27 11:15:22.491  9513  9596 E zhangqi8888: execute(5)
08-27 11:15:22.495  9513  9596 E zhangqi8888: execute(6)null
08-27 11:15:22.496  9513  9596 E zhangqi8888: execute(7) stringBuffer:null
08-27 11:15:22.498  9513  9596 E zhangqi8888: execute(7)
08-27 11:15:22.498  9513  9596 E zhangqi8888: org.json.JSONException: Value null of type org.json.JSONObject$1 cannot be converted to JSONObject
08-27 11:15:22.498  9513  9596 E zhangqi8888: 	at org.json.JSON.typeMismatch(JSON.java:111)
08-27 11:15:22.498  9513  9596 E zhangqi8888: 	at org.json.JSONObject.<init>(JSONObject.java:163)
08-27 11:15:22.498  9513  9596 E zhangqi8888: 	at org.json.JSONObject.<init>(JSONObject.java:176)
08-27 11:15:22.498  9513  9596 E zhangqi8888: 	at com.mobile.panorama.PostUtils.execute(PostUtils.java:62)
08-27 11:15:22.498  9513  9596 E zhangqi8888: 	at com.mobile.panorama.MainActivity$6$1.run(MainActivity.java:150)
08-27 11:15:22.498  9513  9596 E zhangqi8888: 	at java.lang.Thread.run(Thread.java:764)
08-27 11:15:22.499  9513  9596 W System.err: org.json.JSONException: Value null of type org.json.JSONObject$1 cannot be converted to JSONObject
08-27 11:15:22.499  9513  9596 W System.err: 	at org.json.JSON.typeMismatch(JSON.java:111)
08-27 11:15:22.500  9513  9596 W System.err: 	at org.json.JSONObject.<init>(JSONObject.java:163)
08-27 11:15:22.500  9513  9596 W System.err: 	at org.json.JSONObject.<init>(JSONObject.java:176)
08-27 11:15:22.501  9513  9596 W System.err: 	at com.mobile.panorama.PostUtils.execute(PostUtils.java:62)
08-27 11:15:22.501  9513  9596 W System.err: 	at com.mobile.panorama.MainActivity$6$1.run(MainActivity.java:150)
08-27 11:15:22.501  9513  9596 W System.err: 	at java.lang.Thread.run(Thread.java:764)
08-27 11:15:22.502  9513  9596 E zhangqi8888: execute(8)
08-27 11:15:22.502  9513  9596 E zhangqi8888: download result -1
08-27 11:15:22.890   439   480 I MDLOGGER: Select CCCI port no trigger: timeout for 5 times
08-27 11:15:23.329   439   481 D MDLOGGER: thrDetectFilter: Detecting catcher_filter.bin exist or not every 5 seconds!
08-27 11:15:23.329   439   481 D MDLOGGER: pMDEngine->m_bTerminate is false.  busy for modem = 0,m_nM2ABufCnt = 8
08-27 11:15:24.329   439   481 D MDLOGGER: thrDetectFilter: Detecting catcher_filter.bin exist or not every 5 seconds!
08-27 11:15:24.329   439   481 D MDLOGGER: pMDEngine->m_bTerminate is false.  busy for modem = 0,m_nM2ABufCnt = 8
08-27 11:15:24.797   590  3427 I WifiService: startScan uid=1000
08-27 11:15:25.330   439   481 D MDLOGGER: thrDetectFilter: Detecting catcher_filter.bin exist or not every 5 seconds!
08-27 11:15:25.330   439   481 D MDLOGGER: pMDEngine->m_bTerminate is false.  busy for modem = 0,m_nM2ABufCnt = 8
08-27 11:15:25.477   329   329 I thermal_repeater: [recvMdThermalInfo] ret=15, strLen=127,  2, 32767, -127
08-27 11:15:25.948  9372  9412 I System.out: port:443
08-27 11:15:26.063   274  1479 I BufferQueueProducer: [StatusBar#0](this:0xab6c9000,id:4,api:1,p:781,c:274) queueBuffer: fps=0.20 dur=5006.87 max=5006.87 min=5006.87
08-27 11:15:26.079   274   274 I BufferQueueProducer: [FrameBufferSurface_0](this:0xad058000,id:0,api:1,p:274,c:274) queueBuffer: fps=0.20 dur=5001.00 max=5001.00 min=5001.00
08-27 11:15:26.079   274   274 I DisplayDevice: [Built-in Screen (type:0)] fps:0.199960,dur:5001.00,max:5001.00,min:5001.00
08-27 11:15:26.085   334   334 D agps    : [WIFI2AGPS] wifi2agps_scanned
08-27 11:15:26.086   334   334 E agps    :  ERR: [WIFI2AGPS] sendto dest=[/data/agps_supl/wifi_2_agps] len=7952 reason=[No such file or directory]
08-27 11:15:26.086   334   334 E agps    :  ERR: [WIFI2AGPS] external_snd_cmd safe_sendto failed
08-27 11:15:26.093   590  3261 D WificondControl: Scan result ready event
08-27 11:15:26.114   590  3427 I WifiService: getConfiguredNetworks uid=1000
08-27 11:15:26.122   590  3427 I WifiService: getConfiguredNetworks uid=1000
08-27 11:15:26.151  8854  8854 D WifiSettings: onAccessPointChanged (singular) callback initiated
08-27 11:15:26.151  8854  8854 I chatty  : uid=1000(system) com.android.settings identical 11 lines
08-27 11:15:26.151  8854  8854 D WifiSettings: onAccessPointChanged (singular) callback initiated
08-27 11:15:26.151  8854  8854 D WifiSettings: onAccessPointsChanged (WifiTracker) callback initiated
08-27 11:15:26.152   590  3427 I WifiService: getWifiEnabledState uid=1000
08-27 11:15:26.155   590  3261 I WifiService: getCurrentNetwork uid=1000
08-27 11:15:26.171   274  1479 I BufferQueueProducer: [com.android.settings/com.android.settings.Settings$WifiSettingsActivity#0](this:0xaac9d000,id:223,api:1,p:8854,c:274) queueBuffer: fps=1.38 dur=7965.54 max=7797.92 min=7.82
08-27 11:15:26.204  1160  1723 I ChimeraSrvcProxy: NullBinder for android.net.action.RECOMMEND_NETWORKS triggering remote TransactionTooLargeException due to Service without Chimera impl
08-27 11:15:26.330   439   481 D MDLOGGER: thrDetectFilter: Detecting catcher_filter.bin exist or not every 5 seconds!
08-27 11:15:26.330   439   481 D MDLOGGER: pMDEngine->m_bTerminate is false.  busy for modem = 0,m_nM2ABufCnt = 8
08-27 11:15:26.455   590  3427 I WifiService: getWifiEnabledState uid=1000
08-27 11:15:26.458   590  3427 I WifiService: getCurrentNetwork uid=1000
08-27 11:15:26.461   590  3427 I WifiService: getConfiguredNetworks uid=1000
08-27 11:15:26.464   590  3427 I WifiService: getPasspointConfigurations uid=1000
08-27 11:15:27.092   274   274 I BufferQueueProducer: [FrameBufferSurface_0](this:0xad058000,id:0,api:1,p:274,c:274) queueBuffer: fps=54.31 dur=1012.75 max=101.03 min=16.34
08-27 11:15:27.092   274   274 I DisplayDevice: [Built-in Screen (type:0)] fps:54.292072,dur:1013.04,max:100.77,min:16.32
08-27 11:15:27.180   274  1479 I BufferQueueProducer: [com.android.settings/com.android.settings.Settings$WifiSettingsActivity#0](this:0xaac9d000,id:223,api:1,p:8854,c:274) queueBuffer: fps=59.48 dur=1008.74 max=20.63 min=9.21
08-27 11:15:27.330  8854  8900 E libPowerStretch: LucidStats currentFPS = 12.22 [2585758064]
08-27 11:15:27.331   439   481 D MDLOGGER: thrDetectFilter: Detecting catcher_filter.bin exist or not every 5 seconds!
08-27 11:15:27.331   439   481 D MDLOGGER: pMDEngine->m_bTerminate is false.  busy for modem = 0,m_nM2ABufCnt = 8
08-27 11:15:27.511  9513  9596 E zhangqi8888: downloading FAQ07274
08-27 11:15:27.514  9513  9596 E zhangqi8888: execute(1)
