08-27 11:04:48.271   590  3016 W ActivityManager: Background start not allowed: service Intent { cmp=com.google.android.apps.messaging/.shared.datamodel.action.execution.ActionExecutorImpl$EmptyService } to com.google.android.apps.messaging/.shared.datamodel.action.execution.ActionExecutorImpl$EmptyService from pid=8534 uid=10073 pkg=com.google.android.apps.messaging
08-27 11:04:48.408   590  4073 W ActivityManager: Background start not allowed: service Intent { cmp=com.google.android.apps.messaging/.shared.datamodel.action.execution.ActionExecutorImpl$EmptyService } to com.google.android.apps.messaging/.shared.datamodel.action.execution.ActionExecutorImpl$EmptyService from pid=8534 uid=10073 pkg=com.google.android.apps.messaging
08-27 11:04:48.885   590   615 D NetworkManagement: InterfaceAddressChange no valid field
08-27 11:04:48.886   590   615 D NetworkManagement: InterfaceAddressChange no valid field
08-27 11:04:49.030   590  5567 I WindowManager: Relayout Window{ca24a6c u0 com.android.settings/com.android.settings.Settings$WifiSettingsActivity}: oldVis=4 newVis=0 focusMayChange = true
08-27 11:04:49.080   590  4073 I ActivityManager: Start proc 8903:com.google.android.gms.unstable/u0a17 for service com.google.android.gms/.droidguard.DroidGuardService
08-27 11:04:49.080   590  4073 D ActivityManager: AMS: *** Launch app com.google.android.gms/10017 for service Intent { act=com.google.android.gms.droidguard.service.PING cmp=com.google.android.gms/.droidguard.DroidGuardService }, from com.google.android.gms/10017.
08-27 11:04:49.197   590  5567 I ActivityManager: Start proc 8919:com.google.android.apps.searchlite/u0a23 for service com.google.android.apps.searchlite/com.firebase.jobdispatcher.GooglePlayReceiver
08-27 11:04:49.197   590  5567 D ActivityManager: AMS: *** Launch app com.google.android.apps.searchlite/10023 for service Intent { act=com.google.android.gms.gcm.ACTION_TASK_READY cmp=com.google.android.apps.searchlite/com.firebase.jobdispatcher.GooglePlayReceiver }, from com.google.android.gms/10017.
08-27 11:04:49.377   590  5567 D IdleScreen: activityIdleScreen: android.app.ContextImpl@ae58927 mNotifyNeeded: false idleIntent: Intent { act=android.settings.WIFI_SETTINGS flg=0x14000000 cmp=com.android.settings/.Settings$WifiSettingsActivity }
08-27 11:04:49.500   590   747 D MtkConnectivityService: NetworkAgentInfo [WIFI () - 215] validation failed
08-27 11:04:50.855   590   747 D MtkConnectivityService: NetworkAgentInfo [WIFI () - 215] validation failed
08-27 11:04:51.113   590  3016 I ActivityManager: Start proc 8985:com.google.android.apps.youtube.mango/u0a89 for service com.google.android.apps.youtube.mango/com.firebase.jobdispatcher.GooglePlayReceiver
08-27 11:04:51.113   590  3016 D ActivityManager: AMS: *** Launch app com.google.android.apps.youtube.mango/10089 for service Intent { act=com.google.android.gms.gcm.ACTION_TASK_READY cmp=com.google.android.apps.youtube.mango/com.firebase.jobdispatcher.GooglePlayReceiver }, from com.google.android.gms/10017.
08-27 11:04:52.188   590  3016 I ActivityManager: Start proc 9057:com.google.android.calendar/u0a51 for service com.google.android.calendar/com.firebase.jobdispatcher.GooglePlayReceiver
08-27 11:04:52.188   590  3016 D ActivityManager: AMS: *** Launch app com.google.android.calendar/10051 for service Intent { act=com.google.android.gms.gcm.ACTION_TASK_READY cmp=com.google.android.calendar/com.firebase.jobdispatcher.GooglePlayReceiver }, from com.google.android.gms/10017.
08-27 11:04:52.780   590  3016 I ActivityManager: Start proc 9086:com.android.providers.calendar/u0a28 for content provider com.android.providers.calendar/.CalendarProvider2
08-27 11:04:52.970   590  5567 I ActivityManager: Killing 8037:com.google.android.partnersetup/u0a22 (adj 906): empty for 2600s
08-27 11:04:53.612   590   747 D MtkConnectivityService: NetworkAgentInfo [WIFI () - 215] validation failed
08-27 11:04:53.938   590  1261 V SettingsProvider: packageValueForCallResult, name = null, value : Bundle[{_track_generation=android.util.MemoryIntArray@58, value=null, _generation_index=2, _generation=8}]
08-27 11:04:54.025   590   737 D WifiService: New client listening to asynchronous messages
08-27 11:04:54.027   590   737 D WifiService: CONNECT  nid=-1 uid=1000 name=android.uid.system:1000
08-27 11:04:54.027   590   737 D WifiService: Connect with config ID: 0 SSID: "helloworld" PROVIDER-NAME: null BSSID: null FQDN: null PRIO: 0 HIDDEN: false
08-27 11:04:54.027   590   737 D WifiService:  NetworkSelectionStatus NETWORK_SELECTION_ENABLED
08-27 11:04:54.027   590   737 D WifiService:  hasEverConnected: true
08-27 11:04:54.027   590   737 D WifiService:  numAssociation 4
08-27 11:04:54.027   590   737 D WifiService:  validatedInternetAccess
08-27 11:04:54.027   590   737 D WifiService:  KeyMgmt: WPA_PSK Protocols: WPA RSN
08-27 11:04:54.027   590   737 D WifiService:  AuthAlgorithms: OPEN
08-27 11:04:54.027   590   737 D WifiService:  PairwiseCiphers: TKIP CCMP
08-27 11:04:54.027   590   737 D WifiService:  GroupCiphers: WEP40 WEP104 TKIP CCMP
08-27 11:04:54.027   590   737 D WifiService:  PSK: *
08-27 11:04:54.027   590   737 D WifiService: Enterprise config:
08-27 11:04:54.027   590   737 D WifiService: IP config:
08-27 11:04:54.027   590   737 D WifiService: IP assignment: DHCP
08-27 11:04:54.027   590   737 D WifiService: Proxy settings: NONE
08-27 11:04:54.027   590   737 D WifiService:  cuid=1000 cname=android.uid.system:1000 luid=1000 lname=android.uid.system:1000 lcuid=1000 userApproved=USER_UNSPECIFIED noInternetAccessExpected=false roamingFailureBlackListTimeMilli: 1000
08-27 11:04:54.027   590   737 D WifiService: recentFailure: Association Rejection code: 65522
08-27 11:04:54.027   590   737 D WifiService:  simSlot: null
08-27 11:04:54.151   324   324 W wificond: Scan is not started. Ignore abort request
08-27 11:04:54.230   590   747 D MtkConnectivityService: NetworkAgentInfo [WIFI () - 215] EVENT_NETWORK_INFO_CHANGED, going from CONNECTED to DISCONNECTED
08-27 11:04:54.231   590   747 D MtkConnectivityService: NetworkAgentInfo [WIFI () - 215] got DISCONNECTED, was satisfying 9
08-27 11:04:54.273   590   615 D NetworkManagement: InterfaceAddressChange no valid field
08-27 11:04:54.277   590   615 I chatty  : uid=1000(system) android.fg identical 1 line
08-27 11:04:54.292   590   615 D NetworkManagement: InterfaceAddressChange no valid field
08-27 11:04:54.307   590   747 I Nat464Xlat: Stopping clatd on wlan0
08-27 11:04:54.336   590   609 E BatteryExternalStatsWorker: no controller energy info supplied for wifi
08-27 11:04:54.360   590   738 D MtkConnectivityService: registerNetworkAgent NetworkAgentInfo{ ni{[type: WIFI[], state: CONNECTING/CONNECTING, reason: (unspecified), extra: "helloworld", failover: false, available: true, roaming: false]}  network{216}  nethandle{927729371870}  lp{{InterfaceName: wlan0 LinkAddresses: []  Routes: [] DnsAddresses: [] Domains: null MTU: 0}}  nc{[ Transports: WIFI Capabilities: NOT_METERED&INTERNET&NOT_RESTRICTED&TRUSTED&NOT_VPN LinkUpBandwidth>=1048576Kbps LinkDnBandwidth>=1048576Kbps]}  Score{20}  everValidated{false}  lastValidated{false}  created{false} lingering{false} explicitlySelected{false} acceptUnvalidated{false} everCaptivePortalDetected{false} lastCaptivePortalDetected{false} clat{null} }
08-27 11:04:54.406   590   747 D MtkConnectivityService: Removing agent NetworkAgentInfo{ ni{[type: WIFI[], state: DISCONNECTED/DISCONNECTED, reason: (unspecified), extra: <unknown ssid>, failover: false, available: true, roaming: false]}  network{215}  nethandle{923434404574}  lp{{InterfaceName: wlan0 LinkAddresses: [fe80::465f:11b7:f363:4b2b/64,2408:84ed:46:e8b4:cb93:1c81:ee45:b8f7/64,2408:84ed:46:e8b4:2df9:4be5:57cb:8fe4/64,]  Routes: [fe80::/64 -> :: wlan0,::/0 -> fe80::8:22ff:fed6:14fc wlan0,2408:84ed:46:e8b4::/64 -> :: wlan0,] DnsAddresses: [2408:84ed:46:e8b4::cf,] Domains: null MTU: 0 TcpBufferSizes: 524288,1048576,2097152,262144,524288,1048576}}  nc{[ Transports: WIFI Capabilities: NOT_METERED&INTERNET&NOT_RESTRICTED&TRUSTED&NOT_VPN&FOREGROUND LinkUpBandwidth>=1048576Kbps LinkDnBandwidth>=1048576Kbps SignalStrength: -61]}  Score{20}  everValidated{false}  lastValidated{false}  created{true} lingering{false} explicitlySelected{false} acceptUnvalidated{false} everCaptivePortalDetected{false} lastCaptivePortalDetected{false} clat{null} } wasDefault=true
08-27 11:04:54.406   590   747 D MtkConnectivityService: Sending DISCONNECTED broadcast for type 1 NetworkAgentInfo [WIFI () - 215] isDefaultNetwork=true
08-27 11:04:54.430   590   747 D MtkConnectivityService: NetworkAgentInfo [WIFI () - 216] EVENT_NETWORK_INFO_CHANGED, going from null to CONNECTING
08-27 11:04:54.436   590   615 D NetworkManagement: InterfaceAddressChange no valid field
08-27 11:04:55.447   590   615 I chatty  : uid=1000(system) android.fg identical 2 lines
08-27 11:04:55.448   590   615 D NetworkManagement: InterfaceAddressChange no valid field
08-27 11:04:55.458   590   747 D MtkConnectivityService: NetworkAgentInfo [WIFI () - 216] EVENT_NETWORK_INFO_CHANGED, going from CONNECTING to CONNECTED
08-27 11:04:55.460   590   747 D MtkConnectivityService: Adding iface wlan0 to network 216
08-27 11:04:55.506   590   747 D MtkConnectivityService: Setting DNS servers for network 216 to [/2409:8928:2a78:7742::e7, /8.8.8.8]
08-27 11:04:55.512   590   747 I Nat464Xlat: Starting clatd on wlan0
08-27 11:04:55.515   590   609 E BatteryExternalStatsWorker: no controller energy info supplied for wifi
08-27 11:04:55.558   590   747 I NetworkStats: NetworkIdentity: {type=WIFI, subType=COMBINED, networkId="helloworld", metered=false}
08-27 11:04:55.559   590   747 I NetworkStats: state.networkCapabilities: [ Transports: WIFI Capabilities: NOT_METERED&INTERNET&NOT_RESTRICTED&TRUSTED&NOT_VPN&FOREGROUND LinkUpBandwidth>=1048576Kbps LinkDnBandwidth>=1048576Kbps SignalStrength: -31]
08-27 11:04:55.559   590   747 I NetworkStats: iface:wlan0
08-27 11:04:55.559   590   747 I NetworkStats: ident:{type=WIFI, subType=COMBINED, networkId="helloworld", metered=false}
08-27 11:04:55.581   590   747 I NetworkStats: NetworkIdentity: {type=WIFI, subType=COMBINED, networkId="helloworld", metered=false}
08-27 11:04:55.581   590   747 I NetworkStats: state.networkCapabilities: [ Transports: WIFI Capabilities: NOT_METERED&INTERNET&NOT_RESTRICTED&TRUSTED&NOT_VPN&FOREGROUND LinkUpBandwidth>=1048576Kbps LinkDnBandwidth>=1048576Kbps SignalStrength: -31]
08-27 11:04:55.581   590   747 I NetworkStats: iface:wlan0
08-27 11:04:55.581   590   747 I NetworkStats: ident:{type=WIFI, subType=COMBINED, networkId="helloworld", metered=false}
08-27 11:04:55.596   590   747 D MtkConnectivityService: Switching to new default network: NetworkAgentInfo{ ni{[type: WIFI[], state: CONNECTED/CONNECTED, reason: (unspecified), extra: "helloworld", failover: false, available: true, roaming: false]}  network{216}  nethandle{927729371870}  lp{{InterfaceName: wlan0 LinkAddresses: [fe80::465f:11b7:f363:4b2b/64,2409:8928:2a78:7742:c6c:d4c1:436d:12f2/64,2409:8928:2a78:7742:2df9:4be5:57cb:8fe4/64,]  Routes: [fe80::/64 -> :: wlan0,::/0 -> fe80::9687:e0ff:fe61:fb04 wlan0,2409:8928:2a78:7742::/64 -> :: wlan0,] DnsAddresses: [2409:8928:2a78:7742::e7,] Domains: null MTU: 0 TcpBufferSizes: 524288,1048576,2097152,262144,524288,1048576}}  nc{[ Transports: WIFI Capabilities: NOT_METERED&INTERNET&NOT_RESTRICTED&TRUSTED&NOT_VPN&FOREGROUND LinkUpBandwidth>=1048576Kbps LinkDnBandwidth>=1048576Kbps SignalStrength: -31]}  Score{20}  everValidated{false}  lastValidated{false}  created{true} lingering{false} explicitlySelected{true} acceptUnvalidated{false} everCaptivePortalDetected{false} lastCaptivePortalDetected{false} clat{mBaseIface: wlan0, mIface: v4-wlan0, mState: STARTING} }
08-27 11:04:55.618   590   747 D MtkConnectivityService: Adding agent NetworkAgentInfo{ ni{[type: WIFI[], state: CONNECTED/CONNECTED, reason: (unspecified), extra: "helloworld", failover: false, available: true, roaming: false]}  network{216}  nethandle{927729371870}  lp{{InterfaceName: wlan0 LinkAddresses: [fe80::465f:11b7:f363:4b2b/64,2409:8928:2a78:7742:c6c:d4c1:436d:12f2/64,2409:8928:2a78:7742:2df9:4be5:57cb:8fe4/64,]  Routes: [fe80::/64 -> :: wlan0,::/0 -> fe80::9687:e0ff:fe61:fb04 wlan0,2409:8928:2a78:7742::/64 -> :: wlan0,] DnsAddresses: [2409:8928:2a78:7742::e7,] Domains: null MTU: 0 TcpBufferSizes: 524288,1048576,2097152,262144,524288,1048576}}  nc{[ Transports: WIFI Capabilities: NOT_METERED&INTERNET&NOT_RESTRICTED&TRUSTED&NOT_VPN&FOREGROUND LinkUpBandwidth>=1048576Kbps LinkDnBandwidth>=1048576Kbps SignalStrength: -31]}  Score{20}  everValidated{false}  lastValidated{false}  created{true} lingering{false} explicitlySelected{true} acceptUnvalidated{false} everCaptivePortalDetected{false} lastCaptivePortalDetected{false} clat{mBaseIface: wlan0, mIface: v4-wlan0, mState: STARTING} } for legacy network type 1
08-27 11:04:55.619   590   747 D MtkConnectivityService: Sending CONNECTED broadcast for type 1 NetworkAgentInfo [WIFI () - 216] isDefaultNetwork=true
08-27 11:04:56.103   590   747 D MtkConnectivityService: NetworkAgentInfo [WIFI () - 216] validation passed
08-27 11:04:56.146   590   590 V BackupManagerService: Scheduling immediate backup pass
08-27 11:04:56.154   590   590 W BackupManagerService: Backup pass but e=false p=true
08-27 11:04:56.449   590   615 D NetworkManagement: InterfaceAddressChange no valid field
08-27 11:04:56.450   590   615 D NetworkManagement: InterfaceAddressChange no valid field
08-27 11:04:57.495   590   739 D NetworkManagement: Enter setInterfaceConfig, iface=wlan0
08-27 11:04:57.505   590   615 D NetworkManagement: InterfaceAddressChange no valid field
08-27 11:04:57.554   590   747 I NetworkStats: NetworkIdentity: {type=WIFI, subType=COMBINED, networkId="helloworld", metered=true}
08-27 11:04:57.555   590   747 I NetworkStats: state.networkCapabilities: [ Transports: WIFI Capabilities: INTERNET&NOT_RESTRICTED&TRUSTED&NOT_VPN&VALIDATED&FOREGROUND LinkUpBandwidth>=1048576Kbps LinkDnBandwidth>=1048576Kbps SignalStrength: -31]
08-27 11:04:57.555   590   747 I NetworkStats: iface:wlan0
08-27 11:04:57.555   590   747 I NetworkStats: ident:{type=WIFI, subType=COMBINED, networkId="helloworld", metered=true}
08-27 11:04:57.561   590   747 D MtkConnectivityService: Setting DNS servers for network 216 to [/2409:8928:2a78:7742::e7, /192.168.43.1, /8.8.8.8]
08-27 11:04:57.579   590   747 I Nat464Xlat: Stopping clatd on wlan0
08-27 11:04:57.694   590  3427 W ActivityManager: Unable to start service Intent { act=com.google.android.gms.analytics.service.START cmp=com.google.android.gms/.analytics.service.AnalyticsService (has extras) } U=0: not found
08-27 11:04:57.707   590   747 I NetworkStats: NetworkIdentity: {type=WIFI, subType=COMBINED, networkId="helloworld", metered=true}
08-27 11:04:57.713   590   747 I NetworkStats: state.networkCapabilities: [ Transports: WIFI Capabilities: INTERNET&NOT_RESTRICTED&TRUSTED&NOT_VPN&VALIDATED&FOREGROUND LinkUpBandwidth>=1048576Kbps LinkDnBandwidth>=1048576Kbps SignalStrength: -31]
08-27 11:04:57.720   590   747 I NetworkStats: iface:wlan0
08-27 11:04:57.721   590   747 I NetworkStats: ident:{type=WIFI, subType=COMBINED, networkId="helloworld", metered=true}
08-27 11:04:58.372   590  5567 V SettingsProvider: packageValueForCallResult, name = adb_enabled, value : Bundle[{_track_generation=android.util.MemoryIntArray@58, value=1, _generation_index=0, _generation=12}]
08-27 11:05:02.715   590   601 W ActivityManager: Unable to start service Intent { act=com.google.android.gms.analytics.service.START cmp=com.google.android.gms/.analytics.service.AnalyticsService (has extras) } U=0: not found
08-27 11:05:17.288   590   747 D MtkConnectivityService: reportNetworkConnectivity(216, false) by 10017
08-27 11:05:17.696   590   747 D MtkConnectivityService: NetworkAgentInfo [WIFI () - 216] validation passed
08-27 11:06:00.622   590   747 D MtkConnectivityService: reportNetworkConnectivity(216, false) by 10017
08-27 11:06:01.219   590   747 D MtkConnectivityService: NetworkAgentInfo [WIFI () - 216] validation passed
08-27 11:06:52.711   590   747 D MtkConnectivityService: reportNetworkConnectivity(216, false) by 10017
08-27 11:06:53.213   590   747 D MtkConnectivityService: NetworkAgentInfo [WIFI () - 216] validation passed
08-27 11:07:00.038   590  3427 W ActivityManager: Background start not allowed: service Intent { cmp=com.google.android.apps.messaging/.shared.datamodel.action.execution.ActionExecutorImpl$EmptyService } to com.google.android.apps.messaging/.shared.datamodel.action.execution.ActionExecutorImpl$EmptyService from pid=8534 uid=10073 pkg=com.google.android.apps.messaging
08-27 11:07:57.026   590   747 D MtkConnectivityService: reportNetworkConnectivity(216, false) by 10017
08-27 11:07:57.397   590   747 D MtkConnectivityService: NetworkAgentInfo [WIFI () - 216] validation passed
08-27 11:10:18.087   590   747 D MtkConnectivityService: reportNetworkConnectivity(216, false) by 10017
08-27 11:10:18.816   590   747 D MtkConnectivityService: NetworkAgentInfo [WIFI () - 216] validation passed
08-27 11:11:57.628   590   615 D NetworkManagement: InterfaceAddressChange no valid field
08-27 11:11:57.628   590   615 D NetworkManagement: InterfaceAddressChange no valid field
08-27 11:12:19.659   590   747 D MtkConnectivityService: reportNetworkConnectivity(216, false) by 10017
08-27 11:12:20.230   590   747 D MtkConnectivityService: NetworkAgentInfo [WIFI () - 216] validation passed
08-27 11:14:38.930   590   668 I ActivityManager: Start proc 9356:com.android.defcontainer/u0a10 for service com.android.defcontainer/.DefaultContainerService
08-27 11:14:38.931   590   668 D ActivityManager: AMS: *** Launch app com.android.defcontainer/10010 for service Intent { cmp=com.android.defcontainer/.DefaultContainerService }, from android/1000.
08-27 11:14:39.029   590   606 I ActivityManager: Start proc 9372:com.android.vending/u0a37 for broadcast com.android.vending/com.google.android.finsky.verifier.impl.PackageVerificationReceiver
08-27 11:14:39.029   590   606 D BroadcastQueue: AMS: *** Launch app com.android.vending/10037 for broadcast Intent { act=android.intent.action.PACKAGE_NEEDS_VERIFICATION dat=file:///data/app/vmdl1077227604.tmp typ=application/vnd.android.package-archive flg=0x10000011 cmp=com.android.vending/com.google.android.finsky.verifier.impl.PackageVerificationReceiver (has extras) } from android/1000
08-27 11:14:39.598   590  1261 V SettingsProvider: packageValueForCallResult, name = android_id, value : Bundle[{_track_generation=android.util.MemoryIntArray@58, value=a0651b8d438df56a, _generation_index=1, _generation=27}]
08-27 11:14:40.007   590  1261 V SettingsProvider: packageValueForCallResult, name = null, value : Bundle[{_track_generation=android.util.MemoryIntArray@58, value=null, _generation_index=0, _generation=12}]
08-27 11:14:40.017   590  1233 V KeyValueBackupJob: Scheduling k/v pass in 246 minutes
08-27 11:14:40.608   590  3016 I ActivityManager: Start proc 9436:com.google.process.gapps/u0a17 for content provider com.google.android.gsf/.settings.GoogleSettingsProvider
08-27 11:14:50.287   590   668 I PackageManager: Verification timed out for file:///data/app/vmdl1077227604.tmp
08-27 11:14:50.289   590   668 I PackageManager: Continuing with installation of file:///data/app/vmdl1077227604.tmp
08-27 11:14:50.342   590   606 I ActivityManager: Force stopping com.mobile.panorama appid=10099 user=-1: installPackageLI
08-27 11:14:50.342   590   668 W PackageManagerwanghaohao: currentCountry---->NONE
08-27 11:14:50.486   590   668 I PackageManager: Package com.mobile.panorama codePath changed from /data/app/com.mobile.panorama-WGrw1syClebXnaIVA-ljIQ== to /data/app/com.mobile.panorama-k0Ngfh4LfzxpLmtwS7JznQ==; Retaining data and using new
08-27 11:14:50.487   590   668 W PackageManager: Code path for com.mobile.panorama changing from /data/app/com.mobile.panorama-WGrw1syClebXnaIVA-ljIQ== to /data/app/com.mobile.panorama-k0Ngfh4LfzxpLmtwS7JznQ==
08-27 11:14:50.487   590   668 W PackageManager: Resource path for com.mobile.panorama changing from /data/app/com.mobile.panorama-WGrw1syClebXnaIVA-ljIQ== to /data/app/com.mobile.panorama-k0Ngfh4LfzxpLmtwS7JznQ==
08-27 11:14:53.177   590   668 I ActivityManager: Force stopping com.mobile.panorama appid=10099 user=0: pkg removed
08-27 11:14:53.268   590   590 W ActivityManager: Slow operation: 58ms so far, now at startProcess: returned from zygote!
08-27 11:14:53.268   590   590 W ActivityManager: Slow operation: 59ms so far, now at startProcess: done updating battery stats
08-27 11:14:53.269   590   590 W ActivityManager: Slow operation: 59ms so far, now at startProcess: building log message
08-27 11:14:53.269   590   590 I ActivityManager: Start proc 9478:com.android.keychain/1000 for service com.android.keychain/.KeyChainService
08-27 11:14:53.269   590   590 W ActivityManager: Slow operation: 60ms so far, now at startProcess: starting to update pids map
08-27 11:14:53.269   590   590 W ActivityManager: Slow operation: 60ms so far, now at startProcess: done updating pids map
08-27 11:14:53.269   590   590 W ActivityManager: Slow operation: 60ms so far, now at startProcess: done starting proc!
08-27 11:14:53.270   590   590 D ActivityManager: AMS: *** Launch app com.android.keychain/1000 for service Intent { act=android.intent.action.PACKAGE_REMOVED cmp=com.android.keychain/.KeyChainService }, from android/1000.
08-27 11:14:53.274   590   590 D DuraSpeed/DSBroadcastReceiver: received broadcast, action is: android.intent.action.PACKAGE_REMOVED
08-27 11:14:53.275   590   658 D DuraSpeed/DuraSpeedInternalManager: [handlePackageChanged]
08-27 11:14:53.311   590   607 W Looper  : Dispatch took 104ms on android.ui, h=Handler (com.android.server.am.ActivityManagerService$UiHandler) {8d858b0} cb=null msg=53
08-27 11:14:53.356   590   605 W TextServicesManagerService: no available spell checker services found
08-27 11:14:53.381   590   606 W ActivityManager: Slow operation: 64ms so far, now at startProcess: returned from zygote!
08-27 11:14:53.381   590   606 W ActivityManager: Slow operation: 64ms so far, now at startProcess: done updating battery stats
08-27 11:14:53.382   590   606 W ActivityManager: Slow operation: 65ms so far, now at startProcess: building log message
08-27 11:14:53.382   590   606 I ActivityManager: Start proc 9495:com.mediatek.duraspeed/1000 for broadcast com.mediatek.duraspeed/.view.RunningBoosterAppReceiver
08-27 11:14:53.382   590   606 W ActivityManager: Slow operation: 65ms so far, now at startProcess: starting to update pids map
08-27 11:14:53.382   590   606 W ActivityManager: Slow operation: 65ms so far, now at startProcess: done updating pids map
08-27 11:14:53.382   590   606 W ActivityManager: Slow operation: 65ms so far, now at startProcess: done starting proc!
08-27 11:14:53.382   590   606 D BroadcastQueue: AMS: *** Launch app com.mediatek.duraspeed/1000 for broadcast Intent { act=android.intent.action.PACKAGE_REMOVED dat=package:com.mobile.panorama flg=0x4000010 (has extras) } from null/1000
08-27 11:14:53.427   590  1260 I ActivityManager: START u0 {act=android.intent.action.MAIN cat=[android.intent.category.LAUNCHER] flg=0x10000000 cmp=com.mobile.panorama/.MainActivity} from uid 2000
08-27 11:14:53.544   590   601 I ActivityManager: Start proc 9513:com.mobile.panorama/u0a99 for activity com.mobile.panorama/.MainActivity
08-27 11:14:53.560   590   601 I WindowManager: Failed to capture screenshot of Token{44bb2aa ActivityRecord{4313195 u0 com.android.settings/.Settings$WifiSettingsActivity t22}} appWin=Window{ca24a6c u0 com.android.settings/com.android.settings.Settings$WifiSettingsActivity} drawState=4
08-27 11:14:53.561   590   601 W ActivityManager: Slow operation: 66ms so far, now at attachApplicationLocked: after mServices.attachApplicationLocked
08-27 11:14:53.563   590   601 W ActivityManager: Slow operation: 68ms so far, now at attachApplicationLocked: after sendPendingBroadcastsLocked
08-27 11:14:53.570   590   711 I ActivityManager: Config changes=480 {1.0 ?mcc?mnc [en_US] ldltr sw320dp w592dp h296dp 240dpi nrml long land finger -keyb/v/h -nav/h appBounds=Rect(0, 0 - 888, 480) s.29}
08-27 11:14:53.605   590   711 I ActivityManager: Override config changes=480 {1.0 ?mcc?mnc [en_US] ldltr sw320dp w592dp h296dp 240dpi nrml long land finger -keyb/v/h -nav/h appBounds=Rect(0, 0 - 888, 480) s.29} for displayId=0
08-27 11:14:53.727   590   607 W Looper  : Dispatch took 164ms on android.ui, h=Handler (com.android.server.am.ActivityManagerService$UiHandler) {8d858b0} cb=null msg=53
08-27 11:14:53.740   590   590 D DuraSpeed/DSBroadcastReceiver: received broadcast, action is: android.intent.action.PACKAGE_ADDED
08-27 11:14:53.827  9495  9495 W ContextImpl: Calling a method in the system process without a qualified user: android.app.ContextImpl.startService:1477 android.content.ContextWrapper.startService:650 android.content.ContextWrapper.startService:650 com.mediatek.duraspeed.view.RunningBoosterAppReceiver.startRunningBoosterAppService:62 com.mediatek.duraspeed.view.RunningBoosterAppReceiver.onReceive:52 
08-27 11:14:53.852   590  1218 D MitePluginJupiterImpl: MID_SERVICE_AM_START_ACTIVITY_JUPITERActivityRecord{5c02541 u0 com.mobile.panorama/.MainActivity t23}
08-27 11:14:53.853   590  1218 W ActivityManager: 2001realStartActivityLocked: Skipping start of r=ActivityRecord{5c02541 u0 com.mobile.panorama/.MainActivity t23}
08-27 11:14:53.870   590   622 D JupiterDelegatorImpl: appLockCheckInner: ComponentInfo{com.mobile.panorama/com.mobile.panorama.MainActivity}
08-27 11:14:53.874   590   622 D JupiterDelegatorImpl: app lock service check:
08-27 11:14:53.889   590  1218 D ProcessManager: After resumed : com.mobile.panorama
08-27 11:14:53.889   590  1218 W ActivityManager: Slow operation: 60ms so far, now at attachApplicationLocked: after mServices.attachApplicationLocked
08-27 11:14:54.179   590   590 I Telecom : DefaultDialerCache: Refreshing default dialer for user 0: now com.android.dialer: DDC.oR@ANk
08-27 11:14:54.226   590   590 D DuraSpeed/DSBroadcastReceiver: received broadcast, action is: android.intent.action.PACKAGE_REPLACED
08-27 11:14:54.235  9495  9548 W ContextImpl: Calling a method in the system process without a qualified user: android.app.ContextImpl.sendBroadcast:967 android.content.ContextWrapper.sendBroadcast:437 com.mediatek.duraspeed.view.RunningBoosterAppService.notifyPackageUpdated:146 com.mediatek.duraspeed.view.RunningBoosterAppService.onHandleIntent:133 android.app.IntentService$ServiceHandler.handleMessage:76 
08-27 11:14:54.276   590  1218 V SettingsProvider: packageValueForCallResult, name = null, value : Bundle[{_track_generation=android.util.MemoryIntArray@58, value=null, _generation_index=0, _generation=12}]
08-27 11:14:54.290  9495  9495 W ContextImpl: Calling a method in the system process without a qualified user: android.app.ContextImpl.startService:1477 android.content.ContextWrapper.startService:650 android.content.ContextWrapper.startService:650 com.mediatek.duraspeed.view.RunningBoosterAppReceiver.startRunningBoosterAppService:62 com.mediatek.duraspeed.view.RunningBoosterAppReceiver.onReceive:52 
08-27 11:14:54.393   590   658 D DuraSpeed/DuraSpeedInternalManager: [handlePackageChanged]
08-27 11:14:55.040   590  5890 I WindowManager: Relayout Window{30632a9 u0 com.mobile.panorama/com.mobile.panorama.MainActivity}: oldVis=4 newVis=0 focusMayChange = true
08-27 11:14:55.117   590   658 D DuraSpeed/DSPolicyBase: [setCurrentLauncher] = com.transsion.hilauncher
08-27 11:14:55.119   590   658 D DuraSpeed/AWSManager: [setCurrentLauncher] = com.transsion.hilauncher
08-27 11:14:55.122   590   658 D DuraSpeed/DuraSpeedInternalManager: switchState currentPackage = com.mobile.panorama, event =1004
08-27 11:14:55.132   590   658 D DuraSpeed/DuraSpeedInternalManager: skip doSuppression
08-27 11:14:55.132   590   658 D DuraSpeed/DuraSpeedInternalManager: switchState end
08-27 11:14:55.132   590   658 D DuraSpeed/DuraSpeedInternalManager: [handlePackageChanged]
08-27 11:14:55.218  9495  9555 D DuraSpeedManager: Get DuraSpeedService
08-27 11:14:55.220  9495  9555 D DuraSpeedManager: applyUserConfig packageName=com.mediatek.duraspeed config=com.mediatek.duraspeed.manager.DuraSpeedConfiguration@6e425df
08-27 11:14:55.222   590  5890 D DuraSpeed/DuraSpeedService: [applyUserConfig] Enter
08-27 11:14:55.222  9495  9555 W ContextImpl: Calling a method in the system process without a qualified user: android.app.ContextImpl.sendBroadcast:967 android.content.ContextWrapper.sendBroadcast:437 com.mediatek.duraspeed.view.RunningBoosterAppService.notifyPackageUpdated:146 com.mediatek.duraspeed.view.RunningBoosterAppService.onHandleIntent:120 android.app.IntentService$ServiceHandler.handleMessage:76 
08-27 11:14:55.302   590  3016 D IdleScreen: activityIdleScreen: android.app.ContextImpl@ae58927 mNotifyNeeded: false idleIntent: Intent { act=android.settings.WIFI_SETTINGS flg=0x14000000 cmp=com.android.settings/.Settings$WifiSettingsActivity }
08-27 11:14:55.481   590   658 D DuraSpeed/DuraSpeedInternalManager: [updateUserConfiguration] SDK version = 27, newConfig.enableDuraSpeed = true
08-27 11:14:55.481   590   658 D DuraSpeed/DuraSpeedInternalManager: [applyUserConfig] new UserPolicy
08-27 11:15:03.733   590   606 I ActivityManager: Killing 8496:com.google.android.ims/u0a8 (adj 906): empty #13
08-27 11:15:03.796   590  3016 D MtkConnectivityService: ConnectivityService NetworkRequestInfo binderDied(NetworkRequest [ TRACK_DEFAULT id=19, [ Capabilities: INTERNET&NOT_RESTRICTED&TRUSTED&NOT_VPN] ], android.os.BinderProxy@8f51b60)
08-27 11:15:03.797   590   747 D MtkConnectivityService: releasing NetworkRequest [ TRACK_DEFAULT id=19, [ Capabilities: INTERNET&NOT_RESTRICTED&TRUSTED&NOT_VPN] ] (release request)
08-27 11:15:03.967   590  3016 V SettingsProvider: packageValueForCallResult, name = null, value : Bundle[{_track_generation=android.util.MemoryIntArray@58, value=null, _generation_index=2, _generation=8}]
08-27 11:15:04.071  9513  9513 E AndroidRuntime: FATAL EXCEPTION: main
08-27 11:15:04.071  9513  9513 E AndroidRuntime: Process: com.mobile.panorama, PID: 9513
08-27 11:15:04.071  9513  9513 E AndroidRuntime: java.lang.NullPointerException: Attempt to invoke virtual method 'java.lang.CharSequence android.widget.TextView.getText()' on a null object reference
08-27 11:15:04.071  9513  9513 E AndroidRuntime: 	at com.mobile.panorama.MainActivity$1.handleMessage(MainActivity.java:53)
08-27 11:15:04.071  9513  9513 E AndroidRuntime: 	at android.os.Handler.dispatchMessage(Handler.java:106)
08-27 11:15:04.071  9513  9513 E AndroidRuntime: 	at android.os.Looper.loop(Looper.java:164)
08-27 11:15:04.071  9513  9513 E AndroidRuntime: 	at android.app.ActivityThread.main(ActivityThread.java:6548)
08-27 11:15:04.071  9513  9513 E AndroidRuntime: 	at java.lang.reflect.Method.invoke(Native Method)
08-27 11:15:04.071  9513  9513 E AndroidRuntime: 	at com.android.internal.os.RuntimeInit$MethodAndArgsCaller.run(RuntimeInit.java:438)
08-27 11:15:04.071  9513  9513 E AndroidRuntime: 	at com.android.internal.os.ZygoteInit.main(ZygoteInit.java:857)
08-27 11:15:04.084   590  3016 W ActivityManager:   Force finishing activity com.mobile.panorama/.MainActivity
08-27 11:15:04.100   590   607 I ActivityManager: Showing crash dialog for package com.mobile.panorama u0
08-27 11:15:04.218   590   607 I ActivityManager: Config changes=480 {1.0 ?mcc?mnc [en_US] ldltr sw320dp w320dp h568dp 240dpi nrml long port finger -keyb/v/h -nav/h appBounds=Rect(0, 0 - 480, 888) s.30}
08-27 11:15:04.235   590   607 I ActivityManager: Override config changes=480 {1.0 ?mcc?mnc [en_US] ldltr sw320dp w320dp h568dp 240dpi nrml long port finger -keyb/v/h -nav/h appBounds=Rect(0, 0 - 480, 888) s.30} for displayId=0
08-27 11:15:04.259   590   607 I WindowManager: Failed to capture screenshot of Token{f6fdae6 ActivityRecord{5c02541 u0 com.mobile.panorama/.MainActivity t23 f}} appWin=Window{30632a9 u0 com.mobile.panorama/com.mobile.panorama.MainActivity} drawState=4
08-27 11:15:04.275   590   607 W Looper  : Dispatch took 185ms on android.ui, h=Handler (com.android.server.am.ActivityManagerService$UiHandler) {8d858b0} cb=null msg=1
08-27 11:15:04.588   590   606 W ActivityManager: Activity pause timeout for ActivityRecord{5c02541 u0 com.mobile.panorama/.MainActivity t23 f}
08-27 11:15:04.592   590   658 D DuraSpeed/DSPolicyBase: [setCurrentLauncher] = com.transsion.hilauncher
08-27 11:15:04.594   590   606 D ProcessManager: After resumed : com.android.settings
08-27 11:15:04.599   590   658 D DuraSpeed/AWSManager: [setCurrentLauncher] = com.transsion.hilauncher
08-27 11:15:04.601   590   658 D DuraSpeed/DuraSpeedInternalManager: switchState currentPackage = com.android.settings, event =1004
08-27 11:15:04.608   590   658 D DuraSpeed/DuraSpeedInternalManager: skip doSuppression
08-27 11:15:04.608   590   658 D DuraSpeed/DuraSpeedInternalManager: switchState end
08-27 11:15:04.740   590   600 I WindowManager: Relayout Window{ca24a6c u0 com.android.settings/com.android.settings.Settings$WifiSettingsActivity}: oldVis=4 newVis=0 focusMayChange = true
08-27 11:15:05.119   590  1259 I ActivityManager: Killing 8753:android.process.acore/u0a6 (adj 906): empty #13
08-27 11:15:05.129   590  1259 D IdleScreen: activityIdleScreen: android.app.ContextImpl@ae58927 mNotifyNeeded: false idleIntent: Intent { act=android.intent.action.MAIN cat=[android.intent.category.LAUNCHER] flg=0x10000000 cmp=com.mobile.panorama/.MainActivity }
--------- beginning of main
08-27 11:15:05.589  9513  9596 E zhangqi8888: execute(3)
08-27 11:15:05.591  9513  9596 I System.out: [OkHttp] sendRequest>>
08-27 11:15:05.592   274   274 I BufferQueueConsumer: [DimLayerController/Stack=0#0](this:0xaac8c000,id:10,api:0,p:-1,c:274) setDefaultBufferSize: width=1440 height=720
08-27 11:15:05.594   590   729 I InputReader: Reconfiguring input devices.  changes=0x00000004
08-27 11:15:05.594   590   729 I InputReader: Device reconfigured: id=3, name='mtk-tpd', size 480x960, orientation 1, mode 1, display id 0
08-27 11:15:05.597   590   617 I ActivityManager: Config changes=480 {1.0 ?mcc?mnc [en_US] ldltr sw320dp w592dp h296dp 240dpi nrml long land finger -keyb/v/h -nav/h appBounds=Rect(0, 0 - 888, 480) s.31}
08-27 11:15:05.602  9513  9596 I System.out: [OkHttp] sendRequest<<
08-27 11:15:05.608   309   355 D AAL     : 08-27 11:15:05.507 BL= 750,ESS= 256, 08-27 11:15:05.542 BL= 749,ESS= 256, 08-27 11:15:05.557 BL= 748,ESS= 256, 08-27 11:15:05.574 BL= 747,ESS= 256, 08-27 11:15:05.608 BL= 746,ESS= 256, 
08-27 11:15:05.617   590   617 I ActivityManager: Override config changes=480 {1.0 ?mcc?mnc [en_US] ldltr sw320dp w592dp h296dp 240dpi nrml long land finger -keyb/v/h -nav/h appBounds=Rect(0, 0 - 888, 480) s.31} for displayId=0
08-27 11:15:05.638  8985  8985 E YTGo    : No locale configuration available.
08-27 11:15:05.676   274   274 I BufferQueueConsumer: [NavigationBar#0](this:0xab6c6000,id:3,api:1,p:781,c:274) setDefaultBufferSize: width=72 height=480
08-27 11:15:05.709   309   355 D AAL     : 08-27 11:15:05.625 BL= 745,ESS= 256, 08-27 11:15:05.641 BL= 744,ESS= 256, 08-27 11:15:05.675 BL= 743,ESS= 256, 08-27 11:15:05.692 BL= 742,ESS= 256, 08-27 11:15:05.709 BL= 741,ESS= 256, 
08-27 11:15:05.710   274   274 I BufferQueueConsumer: [Application Error: com.mobile.panorama#0](this:0xab6ea000,id:222,api:2,p:590,c:274) setDefaultBufferSize: width=673 height=319
08-27 11:15:05.725   781   985 E [EGL-ERROR]: __egl_platform_cancel_buffers:644: surface->num_buffers(4)
08-27 11:15:05.726   781   985 D Surface : Surface::disconnect(this=0x9833e800,api=1)
08-27 11:15:05.726   781   985 D GraphicBuffer: unregister, handle(0xa65c8780) (w:480 h:72 s:480 f:0x1 u:f02)
08-27 11:15:05.726   781   985 D GraphicBuffer: unregister, handle(0xa65ca640) (w:480 h:72 s:480 f:0x1 u:f02)
08-27 11:15:05.726   274   416 I BufferQueueProducer: [NavigationBar#0](this:0xab6c6000,id:3,api:1,p:781,c:274) disconnect(P): api 1
08-27 11:15:05.726   274   416 I BufferQueueConsumer: [NavigationBar#0](this:0xab6c6000,id:3,api:1,p:-1,c:274) getReleasedBuffers: returning mask 0xffffffffffffffff
08-27 11:15:05.730   270  4161 I [Gralloc]: usage1: 0x933, format: 1 stride: 688 vertical_stride: 319 size: 877888
08-27 11:15:05.734   270  4161 D vndksupport: Loading /vendor/lib/hw/gralloc.mt6580.so from current namespace instead of sphal namespace.
08-27 11:15:05.735   781   985 E libPowerStretch: com.android.systemui in hard-coded bl
08-27 11:15:05.735   781   985 D Surface : Surface::connect(this=0x9833e800,api=1)
08-27 11:15:05.735   274   624 I BufferQueueProducer: [NavigationBar#0](this:0xab6c6000,id:3,api:1,p:781,c:274) connect(P): api=1 producer=(781:com.android.systemui) producerControlledByApp=true
08-27 11:15:05.737   590   607 D GraphicBuffer: unregister, handle(0x95f53200) (w:576 h:319 s:576 f:0x1 u:933)
08-27 11:15:05.737   781   985 D Surface : Surface::setBufferCount(this=0x9833e800,bufferCount=4)
08-27 11:15:05.737   590   607 D GraphicBuffer: register, handle(0x95f535c0) (w:673 h:319 s:688 f:0x1 u:933)
08-27 11:15:05.737   274   623 I BufferQueueProducer: [NavigationBar#0](this:0xab6c6000,id:3,api:1,p:781,c:274) setMaxDequeuedBufferCount: maxDequeuedBuffers = 3
08-27 11:15:05.739   274   623 W GrallocMapperPassthrough: buffer descriptor with invalid usage bits 0x400
08-27 11:15:05.740   270  4161 I [Gralloc]: usage1: 0xf02, format: 1 stride: 480 vertical_stride: 72 size: 138240
08-27 11:15:05.741   781   985 D GraphicBuffer: register, handle(0xa65c8780) (w:480 h:72 s:480 f:0x1 u:f02)
08-27 11:15:05.741   274   623 I BufferQueueProducer: [Application Error: com.mobile.panorama#0](this:0xab6ea000,id:222,api:2,p:590,c:274) queueBuffer: fps=1.45 dur=1381.34 max=1350.89 min=30.45
08-27 11:15:05.743   274   274 I BufferQueueConsumer: [com.android.settings/com.android.settings.Settings$WifiSettingsActivity#0](this:0xaac9d000,id:223,api:1,p:8854,c:274) setDefaultBufferSize: width=960 height=480
08-27 11:15:05.744   274   623 I BufferQueueProducer: [NavigationBar#0](this:0xab6c6000,id:3,api:1,p:781,c:274) queueBuffer: fps=2.34 dur=1284.24 max=627.99 min=105.85
08-27 11:15:05.764  8854  8900 E [EGL-ERROR]: __egl_platform_cancel_buffers:644: surface->num_buffers(4)
08-27 11:15:05.765  8854  8900 D Surface : Surface::disconnect(this=0x9a529000,api=1)
08-27 11:15:05.765  8854  8900 D GraphicBuffer: unregister, handle(0x9a7dd300) (w:480 h:960 s:480 f:0x1 u:f02)
08-27 11:15:05.765  8854  8900 D GraphicBuffer: unregister, handle(0x9a7dd600) (w:480 h:960 s:480 f:0x1 u:f02)
08-27 11:15:05.766   274   416 I BufferQueueProducer: [com.android.settings/com.android.settings.Settings$WifiSettingsActivity#0](this:0xaac9d000,id:223,api:1,p:8854,c:274) disconnect(P): api 1
08-27 11:15:05.766   274   416 I BufferQueueConsumer: [com.android.settings/com.android.settings.Settings$WifiSettingsActivity#0](this:0xaac9d000,id:223,api:1,p:-1,c:274) getReleasedBuffers: returning mask 0xffffffffffffffff
08-27 11:15:05.767  8854  8900 E libPowerStretch: TimeStamps from Cache: lucid = 20081231160000, customer = 20081231160000
08-27 11:15:05.767  8854  8900 E libPowerStretch: Cache valid RC: lucid = 2, customer = 2
08-27 11:15:05.769  8854  8900 E libPowerStretch: Priority black list: 0
08-27 11:15:05.769  8854  8900 E libPowerStretch: Mode = WVS
08-27 11:15:05.770   270  4161 I [Gralloc]: usage1: 0x933, format: 1 stride: 688 vertical_stride: 319 size: 877888
08-27 11:15:05.770   270  4161 D vndksupport: Loading /vendor/lib/hw/gralloc.mt6580.so from current namespace instead of sphal namespace.
08-27 11:15:05.771  8854  8900 E libPowerStretch: Ice is working with black list method
08-27 11:15:05.773   590   607 D GraphicBuffer: unregister, handle(0x95f53500) (w:576 h:319 s:576 f:0x1 u:933)
08-27 11:15:05.774   590   607 D GraphicBuffer: register, handle(0x95f53500) (w:673 h:319 s:688 f:0x1 u:933)
08-27 11:15:05.774  8854  8900 E libPowerStretch: EglCreateWindowSurfaceImp pid 8854 != tid 8900  mResized = 1 [960 480] 1.000000 mIsIceDelayed_wl 1  mIsIceMainThread 0 m_HardCodedBlackListed 1 _X_
08-27 11:15:05.774  8854  8900 D Surface : Surface::connect(this=0x9a529000,api=1)
08-27 11:15:05.774   274  1479 I BufferQueueProducer: [com.android.settings/com.android.settings.Settings$WifiSettingsActivity#0](this:0xaac9d000,id:223,api:1,p:8854,c:274) connect(P): api=1 producer=(8854:com.android.settings) producerControlledByApp=true
08-27 11:15:05.777  8854  8900 D Surface : Surface::setBufferCount(this=0x9a529000,bufferCount=4)
08-27 11:15:05.777   274   624 I BufferQueueProducer: [com.android.settings/com.android.settings.Settings$WifiSettingsActivity#0](this:0xaac9d000,id:223,api:1,p:8854,c:274) setMaxDequeuedBufferCount: maxDequeuedBuffers = 3
08-27 11:15:05.784   274   624 W GrallocMapperPassthrough: buffer descriptor with invalid usage bits 0x400
08-27 11:15:05.785   270   396 I [Gralloc]: usage1: 0xf02, format: 1 stride: 480 vertical_stride: 960 size: 1843200
08-27 11:15:05.786  8854  8900 D GraphicBuffer: register, handle(0x9a7dd240) (w:480 h:960 s:480 f:0x1 u:f02)
08-27 11:15:05.805   274   624 W GrallocMapperPassthrough: buffer descriptor with invalid usage bits 0x400
08-27 11:15:05.805   270  4161 I [Gralloc]: usage1: 0xf02, format: 1 stride: 480 vertical_stride: 960 size: 1843200
08-27 11:15:05.808  8854  8900 D GraphicBuffer: register, handle(0x9a7dd3c0) (w:480 h:960 s:480 f:0x1 u:f02)
08-27 11:15:05.809   781   781 D View    : [Warning] assignParent to null: this = com.android.systemui.assist.AssistOrbContainer{fe65059 G.E...... ......ID 0,0-480,375}
08-27 11:15:05.815   781   781 D WindowClient: Add to mViews: com.android.systemui.assist.AssistOrbContainer{a67ddd0 G.E...... ......I. 0,0-0,0}, this = android.view.WindowManagerGlobal@195145
08-27 11:15:05.817   781   781 D ViewRootImpl[AssistPreviewPanel]: hardware acceleration = true , fakeHwAccelerated = false, sRendererDisabled = false, forceHwAccelerated = false, sSystemRendererDisabled = false
08-27 11:15:05.827   309   355 D AAL     : 08-27 11:15:05.742 BL= 740,ESS= 256, 08-27 11:15:05.759 BL= 739,ESS= 256, 08-27 11:15:05.776 BL= 738,ESS= 256, 08-27 11:15:05.793 BL= 737,ESS= 256, 08-27 11:15:05.827 BL= 736,ESS= 256, 
08-27 11:15:05.858   781   781 D View    : [Warning] assignParent to null: this = com.android.systemui.stackdivider.DividerView{91dc42a I.E...... ......ID 0,0-0,72}
08-27 11:15:05.867   781   781 D WindowClient: Add to mViews: com.android.systemui.stackdivider.DividerView{e9cf185 I.E...... ......I. 0,0-0,0}, this = android.view.WindowManagerGlobal@195145
08-27 11:15:05.869   781   781 D ViewRootImpl[DockedStackDivider]: hardware acceleration = true , fakeHwAccelerated = false, sRendererDisabled = false, forceHwAccelerated = false, sSystemRendererDisabled = false
08-27 11:15:05.897   781   781 W Settings: Setting airplane_mode_on has moved from android.provider.Settings.System to android.provider.Settings.Global, returning read-only value.
08-27 11:15:05.906   274   624 W GrallocMapperPassthrough: buffer descriptor with invalid usage bits 0x400
08-27 11:15:05.906   270  4161 I [Gralloc]: usage1: 0xf02, format: 1 stride: 480 vertical_stride: 72 size: 138240
08-27 11:15:05.908   781   985 D GraphicBuffer: register, handle(0x99396300) (w:480 h:72 s:480 f:0x1 u:f02)
08-27 11:15:05.911   309   355 D AAL     : 08-27 11:15:05.843 BL= 735,ESS= 256, 08-27 11:15:05.860 BL= 734,ESS= 256, 08-27 11:15:05.877 BL= 733,ESS= 256, 08-27 11:15:05.894 BL= 732,ESS= 256, 08-27 11:15:05.911 BL= 731,ESS= 256, 
08-27 11:15:05.945   274   274 I BufferQueueConsumer: [StatusBar#0](this:0xab6c9000,id:4,api:1,p:781,c:274) setDefaultBufferSize: width=960 height=36
08-27 11:15:05.967   781   985 E [EGL-ERROR]: __egl_platform_cancel_buffers:644: surface->num_buffers(4)
08-27 11:15:05.969   781   985 D Surface : Surface::disconnect(this=0x9915c800,api=1)
08-27 11:15:05.969   781   985 D GraphicBuffer: unregister, handle(0xa65c86c0) (w:480 h:36 s:480 f:0x1 u:f02)
08-27 11:15:05.969   781   985 D GraphicBuffer: unregister, handle(0xa65ca100) (w:480 h:36 s:480 f:0x1 u:f02)
08-27 11:15:05.970   274  1479 I BufferQueueProducer: [StatusBar#0](this:0xab6c9000,id:4,api:1,p:781,c:274) disconnect(P): api 1
08-27 11:15:05.971   274  1479 I BufferQueueConsumer: [StatusBar#0](this:0xab6c9000,id:4,api:1,p:-1,c:274) getReleasedBuffers: returning mask 0xffffffffffffffff
08-27 11:15:05.971   781   985 E libPowerStretch: com.android.systemui in hard-coded bl
08-27 11:15:05.971   781   985 D Surface : Surface::connect(this=0x9915c800,api=1)
08-27 11:15:05.972   274   624 I BufferQueueProducer: [StatusBar#0](this:0xab6c9000,id:4,api:1,p:781,c:274) connect(P): api=1 producer=(781:com.android.systemui) producerControlledByApp=true
08-27 11:15:05.973   781   985 D Surface : Surface::setBufferCount(this=0x9915c800,bufferCount=4)
08-27 11:15:05.973   274   624 I BufferQueueProducer: [StatusBar#0](this:0xab6c9000,id:4,api:1,p:781,c:274) setMaxDequeuedBufferCount: maxDequeuedBuffers = 3
08-27 11:15:05.995   309   355 D AAL     : 08-27 11:15:05.928 BL= 730,ESS= 256, 08-27 11:15:05.945 BL= 729,ESS= 256, 08-27 11:15:05.961 BL= 728,ESS= 256, 08-27 11:15:05.978 BL= 727,ESS= 256, 08-27 11:15:05.995 BL= 726,ESS= 256, 
08-27 11:15:06.000   274   624 W GrallocMapperPassthrough: buffer descriptor with invalid usage bits 0x400
08-27 11:15:06.000   270  4161 I [Gralloc]: usage1: 0xf02, format: 1 stride: 48 vertical_stride: 960 size: 184320
08-27 11:15:06.001   781   985 D GraphicBuffer: register, handle(0xa65c86c0) (w:36 h:960 s:48 f:0x1 u:f02)
08-27 11:15:06.004   274   624 I BufferQueueProducer: [StatusBar#0](this:0xab6c9000,id:4,api:1,p:781,c:274) queueBuffer: fps=2.38 dur=1259.69 max=874.70 min=79.74
08-27 11:15:06.051   274   274 I DisplayDevice: [Built-in Screen (type:0)] fps:52.506809,dur:1009.39,max:37.90,min:11.65
08-27 11:15:06.053   274   274 I BufferQueue: [unnamed-274-229](this:0xaacb7000,id:229,api:0,p:-1,c:-1) BufferQueue core=(274:/system/bin/surfaceflinger)
08-27 11:15:06.053   274   274 E DumpTunnel: finding regDump() failed
08-27 11:15:06.054   274   274 I BufferQueueConsumer: [unnamed-274-229](this:0xaacb7000,id:229,api:0,p:-1,c:274) connect(C): consumer=(274:/system/bin/surfaceflinger) controlledByApp=false
08-27 11:15:06.054   274   274 I BufferQueueConsumer: [unnamed-274-229](this:0xaacb7000,id:229,api:0,p:-1,c:274) setConsumerName: unnamed-274-229
08-27 11:15:06.054   274   274 I BufferQueueConsumer: [BlackSurface#0](this:0xaacb7000,id:229,api:0,p:-1,c:274) setConsumerName: BlackSurface#0
08-27 11:15:06.054   274   274 I BufferQueueProducer: [](this:0xaacb7000,id:229,api:0,p:-1,c:274) setMaxDequeuedBufferCount: maxDequeuedBuffers = 2
08-27 11:15:06.055   274   274 I BufferQueue: [unnamed-274-230](this:0xaacc7000,id:230,api:0,p:-1,c:-1) BufferQueue core=(274:/system/bin/surfaceflinger)
08-27 11:15:06.056   274   274 E DumpTunnel: finding regDump() failed
08-27 11:15:06.056   274   274 I BufferQueueConsumer: [unnamed-274-230](this:0xaacc7000,id:230,api:0,p:-1,c:274) connect(C): consumer=(274:/system/bin/surfaceflinger) controlledByApp=false
08-27 11:15:06.056   274   274 I BufferQueueConsumer: [unnamed-274-230](this:0xaacc7000,id:230,api:0,p:-1,c:274) setConsumerName: unnamed-274-230
08-27 11:15:06.056   274   274 I BufferQueueConsumer: [BlackSurface#0](this:0xaacc7000,id:230,api:0,p:-1,c:274) setConsumerName: BlackSurface#0
08-27 11:15:06.056   274   274 I BufferQueueProducer: [](this:0xaacc7000,id:230,api:0,p:-1,c:274) setMaxDequeuedBufferCount: maxDequeuedBuffers = 2
08-27 11:15:06.057   590   601 D WificondControl: Scan result ready event
08-27 11:15:06.058   334   334 D agps    : [WIFI2AGPS] wifi2agps_scanned
08-27 11:15:06.058   334   334 E agps    :  ERR: [WIFI2AGPS] sendto dest=[/data/agps_supl/wifi_2_agps] len=7952 reason=[No such file or directory]
08-27 11:15:06.058   334   334 E agps    :  ERR: [WIFI2AGPS] external_snd_cmd safe_sendto failed
08-27 11:15:06.061   274   274 I BufferQueue: [unnamed-274-231](this:0xaacca000,id:231,api:0,p:-1,c:-1) BufferQueue core=(274:/system/bin/surfaceflinger)
08-27 11:15:06.061   274   274 E DumpTunnel: finding regDump() failed
08-27 11:15:06.061   274   274 I BufferQueueConsumer: [unnamed-274-231](this:0xaacca000,id:231,api:0,p:-1,c:274) connect(C): consumer=(274:/system/bin/surfaceflinger) controlledByApp=false
08-27 11:15:06.061   274   274 I BufferQueueConsumer: [unnamed-274-231](this:0xaacca000,id:231,api:0,p:-1,c:274) setConsumerName: unnamed-274-231
08-27 11:15:06.061   274   274 I BufferQueueConsumer: [BlackSurface#0](this:0xaacca000,id:231,api:0,p:-1,c:274) setConsumerName: BlackSurface#0
08-27 11:15:06.061   274   274 I BufferQueueProducer: [](this:0xaacca000,id:231,api:0,p:-1,c:274) setMaxDequeuedBufferCount: maxDequeuedBuffers = 2
08-27 11:15:06.070   274   274 D SurfaceFlinger: duplicate layer name: changing BlackSurface to BlackSurface#1
08-27 11:15:06.071   274   274 I BufferQueue: [unnamed-274-232](this:0xaacc1000,id:232,api:0,p:-1,c:-1) BufferQueue core=(274:/system/bin/surfaceflinger)
08-27 11:15:06.072   274   274 E DumpTunnel: finding regDump() failed
08-27 11:15:06.072   274   274 I BufferQueueConsumer: [unnamed-274-232](this:0xaacc1000,id:232,api:0,p:-1,c:274) connect(C): consumer=(274:/system/bin/surfaceflinger) controlledByApp=false
08-27 11:15:06.072   274   274 I BufferQueueConsumer: [unnamed-274-232](this:0xaacc1000,id:232,api:0,p:-1,c:274) setConsumerName: unnamed-274-232
08-27 11:15:06.072   274   274 I BufferQueueConsumer: [BlackSurface#1](this:0xaacc1000,id:232,api:0,p:-1,c:274) setConsumerName: BlackSurface#1
08-27 11:15:06.072   274   274 I BufferQueueProducer: [](this:0xaacc1000,id:232,api:0,p:-1,c:274) setMaxDequeuedBufferCount: maxDequeuedBuffers = 2
08-27 11:15:06.073   590   601 I WifiService: getConfiguredNetworks uid=1000
08-27 11:15:06.076  9513  9596 E zhangqi8888: execute(4)200
