--------- beginning of crash
08-27 08:59:50.185  6915  6915 E AndroidRuntime: FATAL EXCEPTION: main
08-27 08:59:50.185  6915  6915 E AndroidRuntime: Process: com.mobile.panorama, PID: 6915
08-27 08:59:50.185  6915  6915 E AndroidRuntime: java.lang.RuntimeException: Unable to start activity ComponentInfo{com.mobile.panorama/com.mobile.panorama.MainActivity}: android.view.InflateException: Binary XML file line #9: Binary XML file line #9: Error inflating class <unknown>
08-27 08:59:50.185  6915  6915 E AndroidRuntime: 	at android.app.ActivityThread.performLaunchActivity(ActivityThread.java:2819)
08-27 08:59:50.185  6915  6915 E AndroidRuntime: 	at android.app.ActivityThread.handleLaunchActivity(ActivityThread.java:2897)
08-27 08:59:50.185  6915  6915 E AndroidRuntime: 	at android.app.ActivityThread.handleRelaunchActivity(ActivityThread.java:4740)
08-27 08:59:50.185  6915  6915 E AndroidRuntime: 	at android.app.ActivityThread.-wrap18(Unknown Source:0)
08-27 08:59:50.185  6915  6915 E AndroidRuntime: 	at android.app.ActivityThread$H.handleMessage(ActivityThread.java:1629)
08-27 08:59:50.185  6915  6915 E AndroidRuntime: 	at android.os.Handler.dispatchMessage(Handler.java:106)
08-27 08:59:50.185  6915  6915 E AndroidRuntime: 	at android.os.Looper.loop(Looper.java:164)
08-27 08:59:50.185  6915  6915 E AndroidRuntime: 	at android.app.ActivityThread.main(ActivityThread.java:6548)
08-27 08:59:50.185  6915  6915 E AndroidRuntime: 	at java.lang.reflect.Method.invoke(Native Method)
08-27 08:59:50.185  6915  6915 E AndroidRuntime: 	at com.android.internal.os.RuntimeInit$MethodAndArgsCaller.run(RuntimeInit.java:438)
08-27 08:59:50.185  6915  6915 E AndroidRuntime: 	at com.android.internal.os.ZygoteInit.main(ZygoteInit.java:857)
08-27 08:59:50.185  6915  6915 E AndroidRuntime: Caused by: android.view.InflateException: Binary XML file line #9: Binary XML file line #9: Error inflating class <unknown>
08-27 08:59:50.185  6915  6915 E AndroidRuntime: Caused by: android.view.InflateException: Binary XML file line #9: Error inflating class <unknown>
08-27 08:59:50.185  6915  6915 E AndroidRuntime: Caused by: java.lang.reflect.InvocationTargetException
08-27 08:59:50.185  6915  6915 E AndroidRuntime: 	at java.lang.reflect.Constructor.newInstance0(Native Method)
08-27 08:59:50.185  6915  6915 E AndroidRuntime: 	at java.lang.reflect.Constructor.newInstance(Constructor.java:334)
08-27 08:59:50.185  6915  6915 E AndroidRuntime: 	at android.view.LayoutInflater.createView(LayoutInflater.java:647)
08-27 08:59:50.185  6915  6915 E AndroidRuntime: 	at android.view.LayoutInflater.createViewFromTag(LayoutInflater.java:790)
08-27 08:59:50.185  6915  6915 E AndroidRuntime: 	at android.view.LayoutInflater.createViewFromTag(LayoutInflater.java:730)
08-27 08:59:50.185  6915  6915 E AndroidRuntime: 	at android.view.LayoutInflater.rInflate(LayoutInflater.java:863)
08-27 08:59:50.185  6915  6915 E AndroidRuntime: 	at android.view.LayoutInflater.rInflateChildren(LayoutInflater.java:824)
08-27 08:59:50.185  6915  6915 E AndroidRuntime: 	at android.view.LayoutInflater.inflate(LayoutInflater.java:515)
08-27 08:59:50.185  6915  6915 E AndroidRuntime: 	at android.view.LayoutInflater.inflate(LayoutInflater.java:423)
08-27 08:59:50.185  6915  6915 E AndroidRuntime: 	at android.view.LayoutInflater.inflate(LayoutInflater.java:374)
08-27 08:59:50.185  6915  6915 E AndroidRuntime: 	at android.support.v7.app.AppCompatDelegateImpl.setContentView(AppCompatDelegateImpl.java:469)
08-27 08:59:50.185  6915  6915 E AndroidRuntime: 	at android.support.v7.app.AppCompatActivity.setContentView(AppCompatActivity.java:140)
08-27 08:59:50.185  6915  6915 E AndroidRuntime: 	at com.mobile.panorama.MainActivity.onCreate(MainActivity.java:68)
08-27 08:59:50.185  6915  6915 E AndroidRuntime: 	at android.app.Activity.performCreate(Activity.java:7023)
08-27 08:59:50.185  6915  6915 E AndroidRuntime: 	at android.app.Activity.performCreate(Activity.java:7014)
08-27 08:59:50.185  6915  6915 E AndroidRuntime: 	at android.app.Instrumentation.callActivityOnCreate(Instrumentation.java:1214)
08-27 08:59:50.185  6915  6915 E AndroidRuntime: 	at android.app.ActivityThread.performLaunchActivity(ActivityThread.java:2772)
08-27 08:59:50.185  6915  6915 E AndroidRuntime: 	at android.app.ActivityThread.handleLaunchActivity(ActivityThread.java:2897)
08-27 08:59:50.185  6915  6915 E AndroidRuntime: 	at android.app.ActivityThread.handleRelaunchActivity(ActivityThread.java:4740)
08-27 08:59:50.185  6915  6915 E AndroidRuntime: 	at android.app.ActivityThread.-wrap18(Unknown Source:0)
08-27 08:59:50.185  6915  6915 E AndroidRuntime: 	at android.app.ActivityThread$H.handleMessage(ActivityThread.java:1629)
08-27 08:59:50.185  6915  6915 E AndroidRuntime: 	at android.os.Handler.dispatchMessage(Handler.java:106)
08-27 08:59:50.185  6915  6915 E AndroidRuntime: 	at android.os.Looper.loop(Looper.java:164)
08-27 08:59:50.185  6915  6915 E AndroidRuntime: 	at android.app.ActivityThread.main(ActivityThread.java:6548)
08-27 08:59:50.185  6915  6915 E AndroidRuntime: 	at java.lang.reflect.Method.invoke(Native Method)
08-27 08:59:50.185  6915  6915 E AndroidRuntime: 	at com.android.internal.os.RuntimeInit$MethodAndArgsCaller.run(RuntimeInit.java:438)
08-27 08:59:50.185  6915  6915 E AndroidRuntime: 	at com.android.internal.os.ZygoteInit.main(ZygoteInit.java:857)
08-27 08:59:50.185  6915  6915 E AndroidRuntime: Caused by: java.lang.UnsatisfiedLinkError: dalvik.system.PathClassLoader[DexPathList[[zip file "/data/app/com.mobile.panorama-bDEM08Z_-onspipMNwVerg==/base.apk"],nativeLibraryDirectories=[/data/app/com.mobile.panorama-bDEM08Z_-onspipMNwVerg==/lib/arm, /data/app/com.mobile.panorama-bDEM08Z_-onspipMNwVerg==/base.apk!/lib/armeabi-v7a, /system/lib, /vendor/lib]]] couldn't find "libpanorenderer.so"
08-27 08:59:50.185  6915  6915 E AndroidRuntime: 	at java.lang.Runtime.loadLibrary0(Runtime.java:1011)
08-27 08:59:50.185  6915  6915 E AndroidRuntime: 	at java.lang.System.loadLibrary(System.java:1657)
08-27 08:59:50.185  6915  6915 E AndroidRuntime: 	at com.google.vr.sdk.widgets.pano.VrPanoramaRenderer.<init>(VrPanoramaRenderer.java:28)
08-27 08:59:50.185  6915  6915 E AndroidRuntime: 	at com.google.vr.sdk.widgets.pano.VrPanoramaView.createRenderer(VrPanoramaView.java:101)
08-27 08:59:50.185  6915  6915 E AndroidRuntime: 	at com.google.vr.sdk.widgets.pano.VrPanoramaView.createRenderer(VrPanoramaView.java:14)
08-27 08:59:50.186  6915  6915 E AndroidRuntime: 	at com.google.vr.sdk.widgets.common.VrWidgetView.initializeRenderingView(VrWidgetView.java:327)
08-27 08:59:50.186  6915  6915 E AndroidRuntime: 	at com.google.vr.sdk.widgets.common.VrWidgetView.init(VrWidgetView.java:234)
08-27 08:59:50.186  6915  6915 E AndroidRuntime: 	at com.google.vr.sdk.widgets.common.VrWidgetView.<init>(VrWidgetView.java:176)
08-27 08:59:50.186  6915  6915 E AndroidRuntime: 	at com.google.vr.sdk.widgets.pano.VrPanoramaView.<init>(VrPanoramaView.java:86)
08-27 08:59:50.186  6915  6915 E AndroidRuntime: 	... 27 more
--------- beginning of system
08-27 10:57:05.224   324   324 I wificond: Pno scan stopped
08-27 10:57:10.231   324   324 I wificond: Pno scan started
08-27 10:57:11.555   324   324 I wificond: Pno scan result ready event
08-27 10:57:11.559   324   324 I wificond: Pno scan stopped
08-27 10:57:16.567   324   324 I wificond: Pno scan started
08-27 10:57:17.911   324   324 I wificond: Pno scan result ready event
08-27 10:57:17.914   324   324 I wificond: Pno scan stopped
08-27 10:57:22.924   324   324 I wificond: Pno scan started
08-27 10:57:24.207   324   324 I wificond: Pno scan result ready event
08-27 10:57:24.211   324   324 I wificond: Pno scan stopped
08-27 10:57:29.217   324   324 I wificond: Pno scan started
08-27 10:57:30.481   324   324 I wificond: Pno scan result ready event
08-27 10:57:30.485   324   324 I wificond: Pno scan stopped
08-27 10:57:35.494   324   324 I wificond: Pno scan started
08-27 10:57:36.748   324   324 I wificond: Pno scan result ready event
08-27 10:57:36.752   324   324 I wificond: Pno scan stopped
08-27 10:57:41.757   324   324 I wificond: Pno scan started
08-27 10:57:43.063   324   324 I wificond: Pno scan result ready event
08-27 10:57:43.067   324   324 I wificond: Pno scan stopped
08-27 10:57:48.074   324   324 I wificond: Pno scan started
08-27 10:57:49.278   324   324 I wificond: Pno scan result ready event
08-27 10:57:49.281   324   324 I wificond: Pno scan stopped
08-27 10:57:54.287   324   324 I wificond: Pno scan started
08-27 10:57:55.592   324   324 I wificond: Pno scan result ready event
08-27 10:57:55.596   324   324 I wificond: Pno scan stopped
08-27 10:58:00.604   324   324 I wificond: Pno scan started
08-27 10:58:01.895   324   324 I wificond: Pno scan result ready event
08-27 10:58:01.900   324   324 I wificond: Pno scan stopped
08-27 10:58:06.904   324   324 I wificond: Pno scan started
08-27 10:58:08.231   324   324 I wificond: Pno scan result ready event
08-27 10:58:08.235   324   324 I wificond: Pno scan stopped
08-27 10:58:13.244   324   324 I wificond: Pno scan started
08-27 10:58:14.506   324   324 I wificond: Pno scan result ready event
08-27 10:58:14.510   324   324 I wificond: Pno scan stopped
08-27 10:58:19.517   324   324 I wificond: Pno scan started
08-27 10:58:20.821   324   324 I wificond: Pno scan result ready event
08-27 10:58:20.825   324   324 I wificond: Pno scan stopped
08-27 10:58:25.830   324   324 I wificond: Pno scan started
08-27 10:58:27.177   324   324 I wificond: Pno scan result ready event
08-27 10:58:27.181   324   324 I wificond: Pno scan stopped
08-27 10:58:32.190   324   324 I wificond: Pno scan started
08-27 10:58:33.473   324   324 I wificond: Pno scan result ready event
08-27 10:58:33.478   324   324 I wificond: Pno scan stopped
08-27 10:58:33.764   590   609 E BatteryExternalStatsWorker: no controller energy info supplied for wifi
08-27 10:58:33.764   590   609 E BatteryExternalStatsWorker: no controller energy info supplied for bluetooth
08-27 10:58:38.484   324   324 I wificond: Pno scan started
08-27 10:58:39.788   324   324 I wificond: Pno scan result ready event
08-27 10:58:39.792   324   324 I wificond: Pno scan stopped
08-27 10:58:44.800   324   324 I wificond: Pno scan started
08-27 10:58:46.104   324   324 I wificond: Pno scan result ready event
08-27 10:58:46.108   324   324 I wificond: Pno scan stopped
08-27 10:58:51.114   324   324 I wificond: Pno scan started
08-27 10:58:52.419   324   324 I wificond: Pno scan result ready event
08-27 10:58:52.423   324   324 I wificond: Pno scan stopped
08-27 10:58:57.431   324   324 I wificond: Pno scan started
08-27 10:58:58.734   324   324 I wificond: Pno scan result ready event
08-27 10:58:58.739   324   324 I wificond: Pno scan stopped
08-27 10:59:03.747   324   324 I wificond: Pno scan started
08-27 10:59:04.979   324   324 I wificond: Pno scan result ready event
08-27 10:59:04.983   324   324 I wificond: Pno scan stopped
08-27 10:59:09.990   324   324 I wificond: Pno scan started
08-27 10:59:11.315   324   324 I wificond: Pno scan result ready event
08-27 10:59:11.319   324   324 I wificond: Pno scan stopped
08-27 10:59:16.327   324   324 I wificond: Pno scan started
08-27 10:59:17.590   324   324 I wificond: Pno scan result ready event
08-27 10:59:17.594   324   324 I wificond: Pno scan stopped
08-27 10:59:22.600   324   324 I wificond: Pno scan started
08-27 10:59:23.905   324   324 I wificond: Pno scan result ready event
08-27 10:59:23.910   324   324 I wificond: Pno scan stopped
08-27 10:59:28.917   324   324 I wificond: Pno scan started
08-27 10:59:30.261   324   324 I wificond: Pno scan result ready event
08-27 10:59:30.265   324   324 I wificond: Pno scan stopped
08-27 10:59:35.270   324   324 I wificond: Pno scan started
08-27 10:59:36.556   324   324 I wificond: Pno scan result ready event
08-27 10:59:36.560   324   324 I wificond: Pno scan stopped
08-27 10:59:41.567   324   324 I wificond: Pno scan started
08-27 10:59:42.912   324   324 I wificond: Pno scan result ready event
08-27 10:59:42.916   324   324 I wificond: Pno scan stopped
08-27 10:59:47.924   324   324 I wificond: Pno scan started
08-27 10:59:49.187   324   324 I wificond: Pno scan result ready event
08-27 10:59:49.191   324   324 I wificond: Pno scan stopped
08-27 10:59:54.197   324   324 I wificond: Pno scan started
08-27 10:59:55.502   324   324 I wificond: Pno scan result ready event
08-27 10:59:55.506   324   324 I wificond: Pno scan stopped
08-27 11:00:00.514   324   324 I wificond: Pno scan started
08-27 11:00:01.846   324   324 I wificond: Pno scan result ready event
08-27 11:00:01.850   324   324 I wificond: Pno scan stopped
08-27 11:00:06.857   324   324 I wificond: Pno scan started
08-27 11:00:08.101   324   324 I wificond: Pno scan result ready event
08-27 11:00:08.106   324   324 I wificond: Pno scan stopped
08-27 11:00:13.114   324   324 I wificond: Pno scan started
08-27 11:00:14.378   324   324 I wificond: Pno scan result ready event
08-27 11:00:14.382   324   324 I wificond: Pno scan stopped
08-27 11:00:19.387   324   324 I wificond: Pno scan started
08-27 11:00:20.652   324   324 I wificond: Pno scan result ready event
08-27 11:00:20.656   324   324 I wificond: Pno scan stopped
08-27 11:00:20.672   324   324 W wificond: Scan is not started. Ignore abort request
08-27 11:00:20.779   590   738 D MtkConnectivityService: registerNetworkAgent NetworkAgentInfo{ ni{[type: WIFI[], state: CONNECTING/CONNECTING, reason: (unspecified), extra: "Internet", failover: false, available: true, roaming: false]}  network{208}  nethandle{893369633502}  lp{{InterfaceName: wlan0 LinkAddresses: []  Routes: [] DnsAddresses: [] Domains: null MTU: 0}}  nc{[ Transports: WIFI Capabilities: NOT_METERED&INTERNET&NOT_RESTRICTED&TRUSTED&NOT_VPN LinkUpBandwidth>=1048576Kbps LinkDnBandwidth>=1048576Kbps]}  Score{20}  everValidated{false}  lastValidated{false}  created{false} lingering{false} explicitlySelected{false} acceptUnvalidated{false} everCaptivePortalDetected{false} lastCaptivePortalDetected{false} clat{null} }
08-27 11:00:20.780   590   747 D MtkConnectivityService: NetworkAgentInfo [WIFI () - 208] EVENT_NETWORK_INFO_CHANGED, going from null to CONNECTING
08-27 11:00:20.825   590   747 D MtkConnectivityService: NetworkAgentInfo [WIFI () - 208] EVENT_NETWORK_INFO_CHANGED, going from CONNECTING to DISCONNECTED
08-27 11:00:20.825   590   747 D MtkConnectivityService: NetworkAgentInfo [WIFI () - 208] got DISCONNECTED, was satisfying 0
08-27 11:00:20.826   590   615 D NetworkManagement: InterfaceAddressChange no valid field
08-27 11:00:20.841   590   747 D MtkConnectivityService: Removing agent NetworkAgentInfo{ ni{[type: WIFI[], state: DISCONNECTED/DISCONNECTED, reason: (unspecified), extra: <unknown ssid>, failover: false, available: true, roaming: false]}  network{208}  nethandle{893369633502}  lp{{InterfaceName: wlan0 LinkAddresses: []  Routes: [] DnsAddresses: [] Domains: null MTU: 0}}  nc{[ Transports: WIFI Capabilities: NOT_METERED&INTERNET&NOT_RESTRICTED&TRUSTED&NOT_VPN LinkUpBandwidth>=1048576Kbps LinkDnBandwidth>=1048576Kbps]}  Score{20}  everValidated{false}  lastValidated{false}  created{false} lingering{false} explicitlySelected{false} acceptUnvalidated{false} everCaptivePortalDetected{false} lastCaptivePortalDetected{false} clat{null} } wasDefault=false
08-27 11:00:20.882   590   615 D NetworkManagement: InterfaceAddressChange no valid field
08-27 11:00:25.662   324   324 I wificond: Pno scan started
08-27 11:00:26.893   324   324 I wificond: Pno scan result ready event
08-27 11:00:26.897   324   324 I wificond: Pno scan stopped
08-27 11:00:26.912   324   324 W wificond: Scan is not started. Ignore abort request
08-27 11:00:27.018   590   738 D MtkConnectivityService: registerNetworkAgent NetworkAgentInfo{ ni{[type: WIFI[], state: CONNECTING/CONNECTING, reason: (unspecified), extra: "Internet", failover: false, available: true, roaming: false]}  network{209}  nethandle{897664600798}  lp{{InterfaceName: wlan0 LinkAddresses: []  Routes: [] DnsAddresses: [] Domains: null MTU: 0}}  nc{[ Transports: WIFI Capabilities: NOT_METERED&INTERNET&NOT_RESTRICTED&TRUSTED&NOT_VPN LinkUpBandwidth>=1048576Kbps LinkDnBandwidth>=1048576Kbps]}  Score{20}  everValidated{false}  lastValidated{false}  created{false} lingering{false} explicitlySelected{false} acceptUnvalidated{false} everCaptivePortalDetected{false} lastCaptivePortalDetected{false} clat{null} }
08-27 11:00:27.018   590   747 D MtkConnectivityService: NetworkAgentInfo [WIFI () - 209] EVENT_NETWORK_INFO_CHANGED, going from null to CONNECTING
08-27 11:00:27.046   590   615 D NetworkManagement: InterfaceAddressChange no valid field
08-27 11:00:27.054   590   747 D MtkConnectivityService: NetworkAgentInfo [WIFI () - 209] EVENT_NETWORK_INFO_CHANGED, going from CONNECTING to DISCONNECTED
08-27 11:00:27.054   590   747 D MtkConnectivityService: NetworkAgentInfo [WIFI () - 209] got DISCONNECTED, was satisfying 0
08-27 11:00:27.070   590   747 D MtkConnectivityService: Removing agent NetworkAgentInfo{ ni{[type: WIFI[], state: DISCONNECTED/DISCONNECTED, reason: (unspecified), extra: <unknown ssid>, failover: false, available: true, roaming: false]}  network{209}  nethandle{897664600798}  lp{{InterfaceName: wlan0 LinkAddresses: []  Routes: [] DnsAddresses: [] Domains: null MTU: 0}}  nc{[ Transports: WIFI Capabilities: NOT_METERED&INTERNET&NOT_RESTRICTED&TRUSTED&NOT_VPN LinkUpBandwidth>=1048576Kbps LinkDnBandwidth>=1048576Kbps]}  Score{20}  everValidated{false}  lastValidated{false}  created{false} lingering{false} explicitlySelected{false} acceptUnvalidated{false} everCaptivePortalDetected{false} lastCaptivePortalDetected{false} clat{null} } wasDefault=false
08-27 11:00:27.120   590   615 D NetworkManagement: InterfaceAddressChange no valid field
08-27 11:00:31.901   324   324 I wificond: Pno scan started
08-27 11:00:33.212   324   324 I wificond: Pno scan result ready event
08-27 11:00:33.216   324   324 I wificond: Pno scan stopped
08-27 11:00:38.220   324   324 I wificond: Pno scan started
08-27 11:00:39.546   324   324 I wificond: Pno scan result ready event
08-27 11:00:39.551   324   324 I wificond: Pno scan stopped
08-27 11:00:39.566   324   324 W wificond: Scan is not started. Ignore abort request
08-27 11:00:39.672   590   738 D MtkConnectivityService: registerNetworkAgent NetworkAgentInfo{ ni{[type: WIFI[], state: CONNECTING/CONNECTING, reason: (unspecified), extra: "Internet", failover: false, available: true, roaming: false]}  network{210}  nethandle{901959568094}  lp{{InterfaceName: wlan0 LinkAddresses: []  Routes: [] DnsAddresses: [] Domains: null MTU: 0}}  nc{[ Transports: WIFI Capabilities: NOT_METERED&INTERNET&NOT_RESTRICTED&TRUSTED&NOT_VPN LinkUpBandwidth>=1048576Kbps LinkDnBandwidth>=1048576Kbps]}  Score{20}  everValidated{false}  lastValidated{false}  created{false} lingering{false} explicitlySelected{false} acceptUnvalidated{false} everCaptivePortalDetected{false} lastCaptivePortalDetected{false} clat{null} }
08-27 11:00:39.673   590   747 D MtkConnectivityService: NetworkAgentInfo [WIFI () - 210] EVENT_NETWORK_INFO_CHANGED, going from null to CONNECTING
08-27 11:00:39.737   590   615 D NetworkManagement: InterfaceAddressChange no valid field
08-27 11:00:39.741   590   747 D MtkConnectivityService: NetworkAgentInfo [WIFI () - 210] EVENT_NETWORK_INFO_CHANGED, going from CONNECTING to DISCONNECTED
08-27 11:00:39.743   590   747 D MtkConnectivityService: NetworkAgentInfo [WIFI () - 210] got DISCONNECTED, was satisfying 0
08-27 11:00:39.774   590   747 D MtkConnectivityService: Removing agent NetworkAgentInfo{ ni{[type: WIFI[], state: DISCONNECTED/DISCONNECTED, reason: (unspecified), extra: <unknown ssid>, failover: false, available: true, roaming: false]}  network{210}  nethandle{901959568094}  lp{{InterfaceName: wlan0 LinkAddresses: []  Routes: [] DnsAddresses: [] Domains: null MTU: 0}}  nc{[ Transports: WIFI Capabilities: NOT_METERED&INTERNET&NOT_RESTRICTED&TRUSTED&NOT_VPN LinkUpBandwidth>=1048576Kbps LinkDnBandwidth>=1048576Kbps]}  Score{20}  everValidated{false}  lastValidated{false}  created{false} lingering{false} explicitlySelected{false} acceptUnvalidated{false} everCaptivePortalDetected{false} lastCaptivePortalDetected{false} clat{null} } wasDefault=false
08-27 11:00:39.834   590   615 D NetworkManagement: InterfaceAddressChange no valid field
08-27 11:00:44.561   324   324 I wificond: Pno scan started
08-27 11:00:45.863   324   324 I wificond: Pno scan result ready event
08-27 11:00:45.869   324   324 I wificond: Pno scan stopped
08-27 11:00:45.880   324   324 W wificond: Scan is not started. Ignore abort request
08-27 11:00:45.988   590   738 D MtkConnectivityService: registerNetworkAgent NetworkAgentInfo{ ni{[type: WIFI[], state: CONNECTING/CONNECTING, reason: (unspecified), extra: "Internet", failover: false, available: true, roaming: false]}  network{211}  nethandle{906254535390}  lp{{InterfaceName: wlan0 LinkAddresses: []  Routes: [] DnsAddresses: [] Domains: null MTU: 0}}  nc{[ Transports: WIFI Capabilities: NOT_METERED&INTERNET&NOT_RESTRICTED&TRUSTED&NOT_VPN LinkUpBandwidth>=1048576Kbps LinkDnBandwidth>=1048576Kbps]}  Score{20}  everValidated{false}  lastValidated{false}  created{false} lingering{false} explicitlySelected{false} acceptUnvalidated{false} everCaptivePortalDetected{false} lastCaptivePortalDetected{false} clat{null} }
08-27 11:00:45.989   590   747 D MtkConnectivityService: NetworkAgentInfo [WIFI () - 211] EVENT_NETWORK_INFO_CHANGED, going from null to CONNECTING
08-27 11:00:46.048   590   615 D NetworkManagement: InterfaceAddressChange no valid field
08-27 11:00:46.062   590   747 D MtkConnectivityService: NetworkAgentInfo [WIFI () - 211] EVENT_NETWORK_INFO_CHANGED, going from CONNECTING to DISCONNECTED
08-27 11:00:46.062   590   747 D MtkConnectivityService: NetworkAgentInfo [WIFI () - 211] got DISCONNECTED, was satisfying 0
08-27 11:00:46.080   590   747 D MtkConnectivityService: Removing agent NetworkAgentInfo{ ni{[type: WIFI[], state: DISCONNECTED/DISCONNECTED, reason: (unspecified), extra: <unknown ssid>, failover: false, available: true, roaming: false]}  network{211}  nethandle{906254535390}  lp{{InterfaceName: wlan0 LinkAddresses: []  Routes: [] DnsAddresses: [] Domains: null MTU: 0}}  nc{[ Transports: WIFI Capabilities: NOT_METERED&INTERNET&NOT_RESTRICTED&TRUSTED&NOT_VPN LinkUpBandwidth>=1048576Kbps LinkDnBandwidth>=1048576Kbps]}  Score{20}  everValidated{false}  lastValidated{false}  created{false} lingering{false} explicitlySelected{false} acceptUnvalidated{false} everCaptivePortalDetected{false} lastCaptivePortalDetected{false} clat{null} } wasDefault=false
08-27 11:00:46.121   590   615 D NetworkManagement: InterfaceAddressChange no valid field
08-27 11:00:50.874   324   324 I wificond: Pno scan started
08-27 11:00:52.225   324   324 I wificond: Pno scan result ready event
08-27 11:00:52.229   324   324 I wificond: Pno scan stopped
08-27 11:00:52.236   324   324 W wificond: Scan is not started. Ignore abort request
08-27 11:00:52.348   590   738 D MtkConnectivityService: registerNetworkAgent NetworkAgentInfo{ ni{[type: WIFI[], state: CONNECTING/CONNECTING, reason: (unspecified), extra: "Internet", failover: false, available: true, roaming: false]}  network{212}  nethandle{910549502686}  lp{{InterfaceName: wlan0 LinkAddresses: []  Routes: [] DnsAddresses: [] Domains: null MTU: 0}}  nc{[ Transports: WIFI Capabilities: NOT_METERED&INTERNET&NOT_RESTRICTED&TRUSTED&NOT_VPN LinkUpBandwidth>=1048576Kbps LinkDnBandwidth>=1048576Kbps]}  Score{20}  everValidated{false}  lastValidated{false}  created{false} lingering{false} explicitlySelected{false} acceptUnvalidated{false} everCaptivePortalDetected{false} lastCaptivePortalDetected{false} clat{null} }
08-27 11:00:52.348   590   747 D MtkConnectivityService: NetworkAgentInfo [WIFI () - 212] EVENT_NETWORK_INFO_CHANGED, going from null to CONNECTING
08-27 11:00:52.373   590   615 D NetworkManagement: InterfaceAddressChange no valid field
08-27 11:00:52.385   590   747 D MtkConnectivityService: NetworkAgentInfo [WIFI () - 212] EVENT_NETWORK_INFO_CHANGED, going from CONNECTING to DISCONNECTED
08-27 11:00:52.386   590   747 D MtkConnectivityService: NetworkAgentInfo [WIFI () - 212] got DISCONNECTED, was satisfying 0
08-27 11:00:52.401   590   747 D MtkConnectivityService: Removing agent NetworkAgentInfo{ ni{[type: WIFI[], state: DISCONNECTED/DISCONNECTED, reason: (unspecified), extra: <unknown ssid>, failover: false, available: true, roaming: false]}  network{212}  nethandle{910549502686}  lp{{InterfaceName: wlan0 LinkAddresses: []  Routes: [] DnsAddresses: [] Domains: null MTU: 0}}  nc{[ Transports: WIFI Capabilities: NOT_METERED&INTERNET&NOT_RESTRICTED&TRUSTED&NOT_VPN LinkUpBandwidth>=1048576Kbps LinkDnBandwidth>=1048576Kbps]}  Score{20}  everValidated{false}  lastValidated{false}  created{false} lingering{false} explicitlySelected{false} acceptUnvalidated{false} everCaptivePortalDetected{false} lastCaptivePortalDetected{false} clat{null} } wasDefault=false
08-27 11:00:52.437   590   615 D NetworkManagement: InterfaceAddressChange no valid field
08-27 11:00:57.233   324   324 I wificond: Pno scan started
08-27 11:00:58.605   324   324 I wificond: Pno scan result ready event
08-27 11:00:58.609   324   324 I wificond: Pno scan stopped
08-27 11:00:58.624   324   324 W wificond: Scan is not started. Ignore abort request
08-27 11:00:58.729   590   738 D MtkConnectivityService: registerNetworkAgent NetworkAgentInfo{ ni{[type: WIFI[], state: CONNECTING/CONNECTING, reason: (unspecified), extra: "Internet", failover: false, available: true, roaming: false]}  network{213}  nethandle{914844469982}  lp{{InterfaceName: wlan0 LinkAddresses: []  Routes: [] DnsAddresses: [] Domains: null MTU: 0}}  nc{[ Transports: WIFI Capabilities: NOT_METERED&INTERNET&NOT_RESTRICTED&TRUSTED&NOT_VPN LinkUpBandwidth>=1048576Kbps LinkDnBandwidth>=1048576Kbps]}  Score{20}  everValidated{false}  lastValidated{false}  created{false} lingering{false} explicitlySelected{false} acceptUnvalidated{false} everCaptivePortalDetected{false} lastCaptivePortalDetected{false} clat{null} }
08-27 11:00:58.730   590   747 D MtkConnectivityService: NetworkAgentInfo [WIFI () - 213] EVENT_NETWORK_INFO_CHANGED, going from null to CONNECTING
08-27 11:00:58.772   590   615 D NetworkManagement: InterfaceAddressChange no valid field
08-27 11:00:58.779   590   747 D MtkConnectivityService: NetworkAgentInfo [WIFI () - 213] EVENT_NETWORK_INFO_CHANGED, going from CONNECTING to DISCONNECTED
08-27 11:00:58.780   590   747 D MtkConnectivityService: NetworkAgentInfo [WIFI () - 213] got DISCONNECTED, was satisfying 0
08-27 11:00:58.795   590   747 D MtkConnectivityService: Removing agent NetworkAgentInfo{ ni{[type: WIFI[], state: DISCONNECTED/DISCONNECTED, reason: (unspecified), extra: <unknown ssid>, failover: false, available: true, roaming: false]}  network{213}  nethandle{914844469982}  lp{{InterfaceName: wlan0 LinkAddresses: []  Routes: [] DnsAddresses: [] Domains: null MTU: 0}}  nc{[ Transports: WIFI Capabilities: NOT_METERED&INTERNET&NOT_RESTRICTED&TRUSTED&NOT_VPN LinkUpBandwidth>=1048576Kbps LinkDnBandwidth>=1048576Kbps]}  Score{20}  everValidated{false}  lastValidated{false}  created{false} lingering{false} explicitlySelected{false} acceptUnvalidated{false} everCaptivePortalDetected{false} lastCaptivePortalDetected{false} clat{null} } wasDefault=false
08-27 11:00:58.858   590   615 D NetworkManagement: InterfaceAddressChange no valid field
08-27 11:01:03.617   324   324 I wificond: Pno scan started
08-27 11:01:04.982   324   324 I wificond: Pno scan result ready event
08-27 11:01:04.986   324   324 I wificond: Pno scan stopped
08-27 11:01:09.994   324   324 I wificond: Pno scan started
08-27 11:01:11.359   324   324 I wificond: Pno scan result ready event
08-27 11:01:11.363   324   324 I wificond: Pno scan stopped
08-27 11:01:16.370   324   324 I wificond: Pno scan started
08-27 11:01:17.675   324   324 I wificond: Pno scan result ready event
08-27 11:01:17.679   324   324 I wificond: Pno scan stopped
08-27 11:01:18.365   590   590 I ActivityManager: Start proc 8476:android.process.media/u0a31 for service com.android.providers.downloads/.DownloadIdleService
08-27 11:01:18.366   590   590 D ActivityManager: AMS: *** Launch app com.android.providers.downloads/10031 for service Intent { cmp=com.android.providers.downloads/.DownloadIdleService }, from android/1000.
08-27 11:01:18.568  8476  8493 D DownloadManager: Removed 0 stale downloads
08-27 11:01:18.576  8476  8493 D DownloadManager: Found 0 files in database
08-27 11:01:18.577  8476  8493 D DownloadManager: Found 0 files on disk
08-27 11:01:18.606   590   590 I ActivityManager: Start proc 8496:com.google.android.ims/u0a8 for service com.google.android.ims/.services.LogFileCleanupService
08-27 11:01:18.607   590   590 D ActivityManager: AMS: *** Launch app com.google.android.ims/10008 for service Intent { cmp=com.google.android.ims/.services.LogFileCleanupService }, from android/1000.
08-27 11:01:18.969   590  1261 D MtkConnectivityService: requestNetwork for uid/pid:10008/8496 NetworkRequest [ TRACK_DEFAULT id=19, [ Capabilities: INTERNET&NOT_RESTRICTED&TRUSTED&NOT_VPN] ]
08-27 11:01:19.554   590  1218 I ActivityManager: Start proc 8534:com.google.android.apps.messaging/u0a73 for service com.google.android.apps.messaging/.rcsmigration.RcsMigrationService
08-27 11:01:19.554   590  1218 D ActivityManager: AMS: *** Launch app com.google.android.apps.messaging/10073 for service Intent { cmp=com.google.android.apps.messaging/.rcsmigration.RcsMigrationService }, from com.google.android.ims/10008.
08-27 11:01:19.654   590   609 E BatteryExternalStatsWorker: no controller energy info supplied for wifi
08-27 11:01:19.654   590   609 E BatteryExternalStatsWorker: no controller energy info supplied for bluetooth
08-27 11:01:20.656   590   600 W ActivityManager: Background start not allowed: service Intent { cmp=com.google.android.apps.messaging/.shared.datamodel.action.execution.ActionExecutorImpl$EmptyService } to com.google.android.apps.messaging/.shared.datamodel.action.execution.ActionExecutorImpl$EmptyService from pid=8534 uid=10073 pkg=com.google.android.apps.messaging
08-27 11:01:20.773   590  1261 W ActivityManager: Background start not allowed: service Intent { cmp=com.google.android.apps.messaging/.shared.datamodel.action.execution.ActionExecutorImpl$EmptyService } to com.google.android.apps.messaging/.shared.datamodel.action.execution.ActionExecutorImpl$EmptyService from pid=8534 uid=10073 pkg=com.google.android.apps.messaging
08-27 11:01:20.895   590   984 W ActivityManager: Unable to start service Intent { act=com.google.android.gms.icing.INDEX_SERVICE pkg=com.google.android.gms } U=0: not found
08-27 11:01:20.898   590   984 W ActivityManager: Unbind failed: could not find connection for android.os.BinderProxy@1d8f77b
08-27 11:01:20.982  8534  8599 E ActivityThread: Failed to find provider info for com.google.android.googlequicksearchbox.GsaPublicContentProvider
08-27 11:01:20.992   590   600 V SettingsProvider: packageValueForCallResult, name = sms_default_application, value : Bundle[{_track_generation=android.util.MemoryIntArray@58, value=com.google.android.apps.messaging, _generation_index=1, _generation=26}]
08-27 11:01:22.691   324   324 I wificond: Pno scan started
08-27 11:01:24.013   324   324 I wificond: Pno scan result ready event
08-27 11:01:24.017   324   324 I wificond: Pno scan stopped
08-27 11:01:26.431   590   600 W ActivityManager: Background start not allowed: service Intent { cmp=com.google.android.apps.messaging/.shared.datamodel.action.execution.ActionExecutorImpl$EmptyService } to com.google.android.apps.messaging/.shared.datamodel.action.execution.ActionExecutorImpl$EmptyService from pid=8534 uid=10073 pkg=com.google.android.apps.messaging
08-27 11:01:27.338   590   600 I chatty  : uid=1000(system) Binder:590_1 identical 2 lines
08-27 11:01:27.406   590   600 W ActivityManager: Background start not allowed: service Intent { cmp=com.google.android.apps.messaging/.shared.datamodel.action.execution.ActionExecutorImpl$EmptyService } to com.google.android.apps.messaging/.shared.datamodel.action.execution.ActionExecutorImpl$EmptyService from pid=8534 uid=10073 pkg=com.google.android.apps.messaging
08-27 11:01:29.024   324   324 I wificond: Pno scan started
08-27 11:01:30.270   324   324 I wificond: Pno scan result ready event
08-27 11:01:30.275   324   324 I wificond: Pno scan stopped
08-27 11:01:35.281   324   324 I wificond: Pno scan started
08-27 11:01:36.586   324   324 I wificond: Pno scan result ready event
08-27 11:01:36.591   324   324 I wificond: Pno scan stopped
08-27 11:01:41.600   324   324 I wificond: Pno scan started
08-27 11:01:42.864   324   324 I wificond: Pno scan result ready event
08-27 11:01:42.868   324   324 I wificond: Pno scan stopped
08-27 11:01:47.878   324   324 I wificond: Pno scan started
08-27 11:01:49.225   324   324 I wificond: Pno scan result ready event
08-27 11:01:49.229   324   324 I wificond: Pno scan stopped
08-27 11:01:54.232   324   324 I wificond: Pno scan started
08-27 11:01:55.510   324   324 I wificond: Pno scan result ready event
08-27 11:01:55.515   324   324 I wificond: Pno scan stopped
08-27 11:02:00.520   324   324 I wificond: Pno scan started
08-27 11:02:01.871   324   324 I wificond: Pno scan result ready event
08-27 11:02:01.875   324   324 I wificond: Pno scan stopped
08-27 11:02:06.884   324   324 I wificond: Pno scan started
08-27 11:02:08.087   324   324 I wificond: Pno scan result ready event
08-27 11:02:08.091   324   324 I wificond: Pno scan stopped
08-27 11:02:13.101   324   324 I wificond: Pno scan started
08-27 11:02:14.444   324   324 I wificond: Pno scan result ready event
08-27 11:02:14.447   324   324 I wificond: Pno scan stopped
08-27 11:02:19.457   324   324 I wificond: Pno scan started
08-27 11:02:20.721   324   324 I wificond: Pno scan result ready event
08-27 11:02:20.726   324   324 I wificond: Pno scan stopped
08-27 11:02:25.730   324   324 I wificond: Pno scan started
08-27 11:02:27.017   324   324 I wificond: Pno scan result ready event
08-27 11:02:27.022   324   324 I wificond: Pno scan stopped
08-27 11:02:32.031   324   324 I wificond: Pno scan started
08-27 11:02:33.294   324   324 I wificond: Pno scan result ready event
08-27 11:02:33.299   324   324 I wificond: Pno scan stopped
08-27 11:02:38.307   324   324 I wificond: Pno scan started
08-27 11:02:39.572   324   324 I wificond: Pno scan result ready event
08-27 11:02:39.578   324   324 I wificond: Pno scan stopped
08-27 11:02:44.584   324   324 I wificond: Pno scan started
08-27 11:02:45.869   324   324 I wificond: Pno scan result ready event
08-27 11:02:45.873   324   324 I wificond: Pno scan stopped
08-27 11:02:50.880   324   324 I wificond: Pno scan started
08-27 11:02:52.124   324   324 I wificond: Pno scan result ready event
08-27 11:02:52.129   324   324 I wificond: Pno scan stopped
08-27 11:02:57.131   324   324 I wificond: Pno scan started
08-27 11:02:58.419   324   324 I wificond: Pno scan result ready event
08-27 11:02:58.422   324   324 I wificond: Pno scan stopped
08-27 11:03:03.435   324   324 I wificond: Pno scan started
08-27 11:03:04.665   324   324 I wificond: Pno scan result ready event
08-27 11:03:04.669   324   324 I wificond: Pno scan stopped
08-27 11:03:09.681   324   324 I wificond: Pno scan started
08-27 11:03:10.942   324   324 I wificond: Pno scan result ready event
08-27 11:03:10.946   324   324 I wificond: Pno scan stopped
08-27 11:03:15.954   324   324 I wificond: Pno scan started
08-27 11:03:17.218   324   324 I wificond: Pno scan result ready event
08-27 11:03:17.222   324   324 I wificond: Pno scan stopped
08-27 11:03:20.853   590   600 W ActivityManager: Background start not allowed: service Intent { cmp=com.google.android.apps.messaging/.shared.datamodel.action.execution.ActionExecutorImpl$EmptyService } to com.google.android.apps.messaging/.shared.datamodel.action.execution.ActionExecutorImpl$EmptyService from pid=8534 uid=10073 pkg=com.google.android.apps.messaging
08-27 11:03:21.650   590   600 I ActivityManager: Start proc 8753:android.process.acore/u0a6 for content provider com.android.providers.contacts/.ContactsProvider2
08-27 11:03:21.689   590  1261 I ActivityManager: Killing 7363:com.transsion.plat.appupdate.ui/u0a14 (adj 906): empty for 4384s
08-27 11:03:21.839   590  5890 V SettingsProvider: packageValueForCallResult, name = null, value : Bundle[{_track_generation=android.util.MemoryIntArray@58, value=null, _generation_index=0, _generation=12}]
08-27 11:03:22.234   324   324 I wificond: Pno scan started
08-27 11:03:23.542   324   324 I wificond: Pno scan result ready event
08-27 11:03:23.546   324   324 I wificond: Pno scan stopped
08-27 11:03:28.409   590   661 I DisplayPowerController: Blocking screen on until initial contents have been drawn.
08-27 11:03:28.440   590   617 I DisplayManagerService: Display device changed state: "Built-in Screen", ON
08-27 11:03:28.583   590   600 I ActivityManager: Start proc 8775:com.transsion.plat.appupdate.ui/u0a14 for service com.transsion.plat.appupdate/com.android.remindmessage.service.KeepAliveService
08-27 11:03:28.584   590   600 D ActivityManager: AMS: *** Launch app com.transsion.plat.appupdate/10014 for service Intent { act=android.intent.action.SCREEN_ON cmp=com.transsion.plat.appupdate/com.android.remindmessage.service.KeepAliveService }, from com.transsion.plat.appupdate/10014.
08-27 11:03:28.886   590   661 I DisplayPowerController: Unblocked screen on after 477 ms
08-27 11:03:29.564   590   600 D ProcessManager: After resumed : com.transsion.hilauncher
08-27 11:03:29.567   590   658 D DuraSpeed/DSPolicyBase: [setCurrentLauncher] = com.transsion.hilauncher
08-27 11:03:29.581   590   658 D DuraSpeed/AWSManager: [setCurrentLauncher] = com.transsion.hilauncher
08-27 11:03:29.582   590   658 D DuraSpeed/DuraSpeedInternalManager: switchState currentPackage = com.transsion.hilauncher, event =1003
08-27 11:03:29.632   590   600 I WindowManager: Relayout Window{759b882 u0 com.transsion.hilauncher/com.android.launcher3.Launcher}: oldVis=4 newVis=0 focusMayChange = true
08-27 11:03:29.718   590   600 D IdleScreen: activityIdleScreen: android.app.ContextImpl@ae58927 mNotifyNeeded: false idleIntent: Intent { act=android.intent.action.MAIN cat=[android.intent.category.HOME] flg=0x10800100 cmp=com.transsion.hilauncher/com.android.launcher3.Launcher }
08-27 11:03:29.819   590  5567 I WindowManager: Relayout Window{12693d u0 NavigationBar}: oldVis=8 newVis=0 focusMayChange = true
08-27 11:03:29.934   324   324 W wificond: Scan is not started. Ignore abort request
08-27 11:03:30.065   590   658 D DuraSpeed/DSPolicyFactory: Application = com.transsion.hilauncher (50MB), FreeMemory = 539MB
08-27 11:03:30.089   590   658 V DuraSpeed/AWSManager: kill end[]
08-27 11:03:30.089   590   658 V DuraSpeed/AWSManager: suppress start []
08-27 11:03:30.089   590   658 D DuraSpeed/DuraSpeedInternalManager: switchState end
08-27 11:03:30.577   590  1259 V SettingsProvider: name : screen_brightness appId : 10035
08-27 11:03:32.091   324   324 I wificond: Received external scan result notification from kernel.
08-27 11:03:34.061   324   324 I wificond: Received external scan result notification from kernel.
08-27 11:03:35.659   324   324 W wificond: Scan is not started. Ignore abort request
08-27 11:03:35.680   324   324 I wificond: Received external scan result notification from kernel.
08-27 11:03:35.757   590   738 D MtkConnectivityService: registerNetworkAgent NetworkAgentInfo{ ni{[type: WIFI[], state: CONNECTING/CONNECTING, reason: (unspecified), extra: "Internet", failover: false, available: true, roaming: false]}  network{214}  nethandle{919139437278}  lp{{InterfaceName: wlan0 LinkAddresses: []  Routes: [] DnsAddresses: [] Domains: null MTU: 0}}  nc{[ Transports: WIFI Capabilities: NOT_METERED&INTERNET&NOT_RESTRICTED&TRUSTED&NOT_VPN LinkUpBandwidth>=1048576Kbps LinkDnBandwidth>=1048576Kbps]}  Score{20}  everValidated{false}  lastValidated{false}  created{false} lingering{false} explicitlySelected{false} acceptUnvalidated{false} everCaptivePortalDetected{false} lastCaptivePortalDetected{false} clat{null} }
08-27 11:03:35.757   590   747 D MtkConnectivityService: NetworkAgentInfo [WIFI () - 214] EVENT_NETWORK_INFO_CHANGED, going from null to CONNECTING
08-27 11:03:35.777   590   615 D NetworkManagement: InterfaceAddressChange no valid field
08-27 11:03:35.781   590   747 D MtkConnectivityService: NetworkAgentInfo [WIFI () - 214] EVENT_NETWORK_INFO_CHANGED, going from CONNECTING to DISCONNECTED
08-27 11:03:35.782   590   747 D MtkConnectivityService: NetworkAgentInfo [WIFI () - 214] got DISCONNECTED, was satisfying 0
08-27 11:03:35.798   590   747 D MtkConnectivityService: Removing agent NetworkAgentInfo{ ni{[type: WIFI[], state: DISCONNECTED/DISCONNECTED, reason: (unspecified), extra: <unknown ssid>, failover: false, available: true, roaming: false]}  network{214}  nethandle{919139437278}  lp{{InterfaceName: wlan0 LinkAddresses: []  Routes: [] DnsAddresses: [] Domains: null MTU: 0}}  nc{[ Transports: WIFI Capabilities: NOT_METERED&INTERNET&NOT_RESTRICTED&TRUSTED&NOT_VPN LinkUpBandwidth>=1048576Kbps LinkDnBandwidth>=1048576Kbps]}  Score{20}  everValidated{false}  lastValidated{false}  created{false} lingering{false} explicitlySelected{false} acceptUnvalidated{false} everCaptivePortalDetected{false} lastCaptivePortalDetected{false} clat{null} } wasDefault=false
08-27 11:03:35.867   590   615 D NetworkManagement: InterfaceAddressChange no valid field
08-27 11:03:36.689   590  1259 V SettingsProvider: packageValueForCallResult, name = android_id, value : Bundle[{_track_generation=android.util.MemoryIntArray@58, value=fb77633860fb6660, _generation_index=1, _generation=26}]
08-27 11:03:37.039   324   324 W wificond: Scan is not started. Ignore abort request
08-27 11:03:38.506   324   324 I wificond: Received external scan result notification from kernel.
08-27 11:03:53.776   590   609 E BatteryExternalStatsWorker: no controller energy info supplied for wifi
08-27 11:03:53.777   590   609 E BatteryExternalStatsWorker: no controller energy info supplied for bluetooth
08-27 11:03:59.949   590  1259 I ActivityManager: Killing 7974:com.google.android.apps.searchlite/u0a23 (adj 906): empty for 2643s
08-27 11:04:42.892   590  3016 V MediaRouterService: restoreBluetoothA2dp(false)
08-27 11:04:44.745   324   324 W wificond: Scan is not started. Ignore abort request
08-27 11:04:46.835   590   738 D MtkConnectivityService: registerNetworkAgent NetworkAgentInfo{ ni{[type: WIFI[], state: CONNECTING/CONNECTING, reason: (unspecified), extra: "S42", failover: false, available: true, roaming: false]}  network{215}  nethandle{923434404574}  lp{{InterfaceName: wlan0 LinkAddresses: []  Routes: [] DnsAddresses: [] Domains: null MTU: 0}}  nc{[ Transports: WIFI Capabilities: NOT_METERED&INTERNET&NOT_RESTRICTED&TRUSTED&NOT_VPN LinkUpBandwidth>=1048576Kbps LinkDnBandwidth>=1048576Kbps]}  Score{20}  everValidated{false}  lastValidated{false}  created{false} lingering{false} explicitlySelected{false} acceptUnvalidated{false} everCaptivePortalDetected{false} lastCaptivePortalDetected{false} clat{null} }
08-27 11:04:46.836   590   747 D MtkConnectivityService: NetworkAgentInfo [WIFI () - 215] EVENT_NETWORK_INFO_CHANGED, going from null to CONNECTING
08-27 11:04:46.863   590   615 D NetworkManagement: InterfaceAddressChange no valid field
08-27 11:04:47.730   590  3016 I ActivityManager: START u0 {act=android.settings.WIFI_SETTINGS flg=0x14000000 cmp=com.android.settings/.Settings$WifiSettingsActivity} from uid 10035
08-27 11:04:47.797   590  5567 E ActivityManager: applyOptionsLocked: Unknown animationType=0
08-27 11:04:47.801   590   658 D DuraSpeed/DSPolicyBase: [setCurrentLauncher] = com.transsion.hilauncher
08-27 11:04:47.807   590   658 D DuraSpeed/AWSManager: [setCurrentLauncher] = com.transsion.hilauncher
08-27 11:04:47.815   590   658 D DuraSpeed/DuraSpeedInternalManager: switchState currentPackage = com.android.settings, event =1004
08-27 11:04:47.817   590   658 D DuraSpeed/DuraSpeedInternalManager: skip doSuppression
08-27 11:04:47.818   590   658 D DuraSpeed/DuraSpeedInternalManager: switchState end
08-27 11:04:47.832   590  5567 I ActivityManager: Start proc 8854:com.android.settings/1000 for activity com.android.settings/.Settings$WifiSettingsActivity
08-27 11:04:47.877   590   615 D NetworkManagement: InterfaceAddressChange no valid field
08-27 11:04:47.901   590   615 I chatty  : uid=1000(system) android.fg identical 1 line
08-27 11:04:47.915   590   615 D NetworkManagement: InterfaceAddressChange no valid field
08-27 11:04:47.935   590   747 D MtkConnectivityService: NetworkAgentInfo [WIFI () - 215] EVENT_NETWORK_INFO_CHANGED, going from CONNECTING to CONNECTED
08-27 11:04:47.938   590   747 D MtkConnectivityService: Adding iface wlan0 to network 215
08-27 11:04:47.940   590  5567 D MitePluginJupiterImpl: MID_SERVICE_AM_START_ACTIVITY_JUPITERActivityRecord{4313195 u0 com.android.settings/.Settings$WifiSettingsActivity t22}
08-27 11:04:47.941   590  5567 W ActivityManager: 2001realStartActivityLocked: Skipping start of r=ActivityRecord{4313195 u0 com.android.settings/.Settings$WifiSettingsActivity t22}
08-27 11:04:47.942   590   622 D JupiterDelegatorImpl: appLockCheckInner: ComponentInfo{com.android.settings/com.android.settings.Settings$WifiSettingsActivity}
08-27 11:04:47.942   590   622 D JupiterDelegatorImpl: app lock service check:
08-27 11:04:47.963   590  5567 D ProcessManager: After resumed : com.android.settings
08-27 11:04:47.964   590  5567 W ActivityManager: Slow operation: 54ms so far, now at attachApplicationLocked: after mServices.attachApplicationLocked
08-27 11:04:47.975   590   747 D MtkConnectivityService: Setting DNS servers for network 215 to [/2408:84ed:46:e8b4::cf, /8.8.8.8]
08-27 11:04:47.996   590   747 I Nat464Xlat: Starting clatd on wlan0
08-27 11:04:48.074   590   747 I NetworkStats: NetworkIdentity: {type=WIFI, subType=COMBINED, networkId="S42", metered=false}
08-27 11:04:48.074   590   747 I NetworkStats: state.networkCapabilities: [ Transports: WIFI Capabilities: NOT_METERED&INTERNET&NOT_RESTRICTED&TRUSTED&NOT_VPN&FOREGROUND LinkUpBandwidth>=1048576Kbps LinkDnBandwidth>=1048576Kbps SignalStrength: -57]
08-27 11:04:48.074   590   747 I NetworkStats: iface:wlan0
08-27 11:04:48.074   590   747 I NetworkStats: ident:{type=WIFI, subType=COMBINED, networkId="S42", metered=false}
08-27 11:04:48.101   590  3016 V SettingsProvider: packageValueForCallResult, name = null, value : Bundle[{_track_generation=android.util.MemoryIntArray@58, value=null, _generation_index=0, _generation=12}]
08-27 11:04:48.110   590   609 E BatteryExternalStatsWorker: no controller energy info supplied for wifi
08-27 11:04:48.126   590   747 I NetworkStats: NetworkIdentity: {type=WIFI, subType=COMBINED, networkId="S42", metered=false}
08-27 11:04:48.126   590   747 I NetworkStats: state.networkCapabilities: [ Transports: WIFI Capabilities: NOT_METERED&INTERNET&NOT_RESTRICTED&TRUSTED&NOT_VPN&FOREGROUND LinkUpBandwidth>=1048576Kbps LinkDnBandwidth>=1048576Kbps SignalStrength: -57]
08-27 11:04:48.126   590   747 I NetworkStats: iface:wlan0
08-27 11:04:48.126   590   747 I NetworkStats: ident:{type=WIFI, subType=COMBINED, networkId="S42", metered=false}
08-27 11:04:48.169   590   747 D MtkConnectivityService: Switching to new default network: NetworkAgentInfo{ ni{[type: WIFI[], state: CONNECTED/CONNECTED, reason: (unspecified), extra: "S42", failover: false, available: true, roaming: false]}  network{215}  nethandle{923434404574}  lp{{InterfaceName: wlan0 LinkAddresses: [fe80::465f:11b7:f363:4b2b/64,2408:84ed:46:e8b4:cb93:1c81:ee45:b8f7/64,2408:84ed:46:e8b4:2df9:4be5:57cb:8fe4/64,]  Routes: [fe80::/64 -> :: wlan0,::/0 -> fe80::8:22ff:fed6:14fc wlan0,2408:84ed:46:e8b4::/64 -> :: wlan0,] DnsAddresses: [2408:84ed:46:e8b4::cf,] Domains: null MTU: 0 TcpBufferSizes: 524288,1048576,2097152,262144,524288,1048576}}  nc{[ Transports: WIFI Capabilities: NOT_METERED&INTERNET&NOT_RESTRICTED&TRUSTED&NOT_VPN&FOREGROUND LinkUpBandwidth>=1048576Kbps LinkDnBandwidth>=1048576Kbps SignalStrength: -57]}  Score{20}  everValidated{false}  lastValidated{false}  created{true} lingering{false} explicitlySelected{false} acceptUnvalidated{false} everCaptivePortalDetected{false} lastCaptivePortalDetected{false} clat{mBaseIface: wlan0, mIface: v4-wlan0, mState: STARTING} }
08-27 11:04:48.217   590   747 D MtkConnectivityService: Adding agent NetworkAgentInfo{ ni{[type: WIFI[], state: CONNECTED/CONNECTED, reason: (unspecified), extra: "S42", failover: false, available: true, roaming: false]}  network{215}  nethandle{923434404574}  lp{{InterfaceName: wlan0 LinkAddresses: [fe80::465f:11b7:f363:4b2b/64,2408:84ed:46:e8b4:cb93:1c81:ee45:b8f7/64,2408:84ed:46:e8b4:2df9:4be5:57cb:8fe4/64,]  Routes: [fe80::/64 -> :: wlan0,::/0 -> fe80::8:22ff:fed6:14fc wlan0,2408:84ed:46:e8b4::/64 -> :: wlan0,] DnsAddresses: [2408:84ed:46:e8b4::cf,] Domains: null MTU: 0 TcpBufferSizes: 524288,1048576,2097152,262144,524288,1048576}}  nc{[ Transports: WIFI Capabilities: NOT_METERED&INTERNET&NOT_RESTRICTED&TRUSTED&NOT_VPN&FOREGROUND LinkUpBandwidth>=1048576Kbps LinkDnBandwidth>=1048576Kbps SignalStrength: -57]}  Score{20}  everValidated{false}  lastValidated{false}  created{true} lingering{false} explicitlySelected{false} acceptUnvalidated{false} everCaptivePortalDetected{false} lastCaptivePortalDetected{false} clat{mBaseIface: wlan0, mIface: v4-wlan0, mState: STARTING} } for legacy network type 1
08-27 11:04:48.218   590   747 D MtkConnectivityService: Sending CONNECTED broadcast for type 1 NetworkAgentInfo [WIFI () - 215] isDefaultNetwork=true
